Archive member included to satisfy reference by file (symbol)

/opt/gcc-arm-none-eabi-7-2018-q2-update/bin/../lib/gcc/arm-none-eabi/7.3.1/../../../../arm-none-eabi/lib/thumb/v7e-m/fpv4-sp/hard/libc_nano.a(lib_a-exit.o)
                              /opt/gcc-arm-none-eabi-7-2018-q2-update/bin/../lib/gcc/arm-none-eabi/7.3.1/../../../../arm-none-eabi/lib/thumb/v7e-m/fpv4-sp/hard/crt0.o (exit)
/opt/gcc-arm-none-eabi-7-2018-q2-update/bin/../lib/gcc/arm-none-eabi/7.3.1/../../../../arm-none-eabi/lib/thumb/v7e-m/fpv4-sp/hard/libc_nano.a(lib_a-impure.o)
                              /opt/gcc-arm-none-eabi-7-2018-q2-update/bin/../lib/gcc/arm-none-eabi/7.3.1/../../../../arm-none-eabi/lib/thumb/v7e-m/fpv4-sp/hard/libc_nano.a(lib_a-exit.o) (_global_impure_ptr)
/opt/gcc-arm-none-eabi-7-2018-q2-update/bin/../lib/gcc/arm-none-eabi/7.3.1/../../../../arm-none-eabi/lib/thumb/v7e-m/fpv4-sp/hard/libc_nano.a(lib_a-init.o)
                              /opt/gcc-arm-none-eabi-7-2018-q2-update/bin/../lib/gcc/arm-none-eabi/7.3.1/../../../../arm-none-eabi/lib/thumb/v7e-m/fpv4-sp/hard/crt0.o (__libc_init_array)
/opt/gcc-arm-none-eabi-7-2018-q2-update/bin/../lib/gcc/arm-none-eabi/7.3.1/../../../../arm-none-eabi/lib/thumb/v7e-m/fpv4-sp/hard/libc_nano.a(lib_a-memcpy-stub.o)
                              build/es_wifi.o (memcpy)
/opt/gcc-arm-none-eabi-7-2018-q2-update/bin/../lib/gcc/arm-none-eabi/7.3.1/../../../../arm-none-eabi/lib/thumb/v7e-m/fpv4-sp/hard/libc_nano.a(lib_a-memset.o)
                              /opt/gcc-arm-none-eabi-7-2018-q2-update/bin/../lib/gcc/arm-none-eabi/7.3.1/../../../../arm-none-eabi/lib/thumb/v7e-m/fpv4-sp/hard/crt0.o (memset)
/opt/gcc-arm-none-eabi-7-2018-q2-update/bin/../lib/gcc/arm-none-eabi/7.3.1/../../../../arm-none-eabi/lib/thumb/v7e-m/fpv4-sp/hard/libc_nano.a(lib_a-printf.o)
                              build/main.o (printf)
/opt/gcc-arm-none-eabi-7-2018-q2-update/bin/../lib/gcc/arm-none-eabi/7.3.1/../../../../arm-none-eabi/lib/thumb/v7e-m/fpv4-sp/hard/libc_nano.a(lib_a-puts.o)
                              build/main.o (puts)
/opt/gcc-arm-none-eabi-7-2018-q2-update/bin/../lib/gcc/arm-none-eabi/7.3.1/../../../../arm-none-eabi/lib/thumb/v7e-m/fpv4-sp/hard/libc_nano.a(lib_a-sprintf.o)
                              build/es_wifi.o (sprintf)
/opt/gcc-arm-none-eabi-7-2018-q2-update/bin/../lib/gcc/arm-none-eabi/7.3.1/../../../../arm-none-eabi/lib/thumb/v7e-m/fpv4-sp/hard/libc_nano.a(lib_a-strlen.o)
                              build/es_wifi.o (strlen)
/opt/gcc-arm-none-eabi-7-2018-q2-update/bin/../lib/gcc/arm-none-eabi/7.3.1/../../../../arm-none-eabi/lib/thumb/v7e-m/fpv4-sp/hard/libc_nano.a(lib_a-strncpy.o)
                              build/es_wifi.o (strncpy)
/opt/gcc-arm-none-eabi-7-2018-q2-update/bin/../lib/gcc/arm-none-eabi/7.3.1/../../../../arm-none-eabi/lib/thumb/v7e-m/fpv4-sp/hard/libc_nano.a(lib_a-strstr.o)
                              build/es_wifi.o (strstr)
/opt/gcc-arm-none-eabi-7-2018-q2-update/bin/../lib/gcc/arm-none-eabi/7.3.1/../../../../arm-none-eabi/lib/thumb/v7e-m/fpv4-sp/hard/libc_nano.a(lib_a-strtok.o)
                              build/es_wifi.o (strtok)
/opt/gcc-arm-none-eabi-7-2018-q2-update/bin/../lib/gcc/arm-none-eabi/7.3.1/../../../../arm-none-eabi/lib/thumb/v7e-m/fpv4-sp/hard/libc_nano.a(lib_a-strtok_r.o)
                              /opt/gcc-arm-none-eabi-7-2018-q2-update/bin/../lib/gcc/arm-none-eabi/7.3.1/../../../../arm-none-eabi/lib/thumb/v7e-m/fpv4-sp/hard/libc_nano.a(lib_a-strtok.o) (__strtok_r)
/opt/gcc-arm-none-eabi-7-2018-q2-update/bin/../lib/gcc/arm-none-eabi/7.3.1/../../../../arm-none-eabi/lib/thumb/v7e-m/fpv4-sp/hard/libc_nano.a(lib_a-wbuf.o)
                              /opt/gcc-arm-none-eabi-7-2018-q2-update/bin/../lib/gcc/arm-none-eabi/7.3.1/../../../../arm-none-eabi/lib/thumb/v7e-m/fpv4-sp/hard/libc_nano.a(lib_a-puts.o) (__swbuf_r)
/opt/gcc-arm-none-eabi-7-2018-q2-update/bin/../lib/gcc/arm-none-eabi/7.3.1/../../../../arm-none-eabi/lib/thumb/v7e-m/fpv4-sp/hard/libc_nano.a(lib_a-wsetup.o)
                              /opt/gcc-arm-none-eabi-7-2018-q2-update/bin/../lib/gcc/arm-none-eabi/7.3.1/../../../../arm-none-eabi/lib/thumb/v7e-m/fpv4-sp/hard/libc_nano.a(lib_a-puts.o) (__swsetup_r)
/opt/gcc-arm-none-eabi-7-2018-q2-update/bin/../lib/gcc/arm-none-eabi/7.3.1/../../../../arm-none-eabi/lib/thumb/v7e-m/fpv4-sp/hard/libc_nano.a(lib_a-fflush.o)
                              /opt/gcc-arm-none-eabi-7-2018-q2-update/bin/../lib/gcc/arm-none-eabi/7.3.1/../../../../arm-none-eabi/lib/thumb/v7e-m/fpv4-sp/hard/libc_nano.a(lib_a-wbuf.o) (_fflush_r)
/opt/gcc-arm-none-eabi-7-2018-q2-update/bin/../lib/gcc/arm-none-eabi/7.3.1/../../../../arm-none-eabi/lib/thumb/v7e-m/fpv4-sp/hard/libc_nano.a(lib_a-findfp.o)
                              /opt/gcc-arm-none-eabi-7-2018-q2-update/bin/../lib/gcc/arm-none-eabi/7.3.1/../../../../arm-none-eabi/lib/thumb/v7e-m/fpv4-sp/hard/libc_nano.a(lib_a-printf.o) (__sinit)
[...]
Memory Configuration

Name             Origin             Length             Attributes
RAM              0x0000000020000000 0x0000000000018000 xrw
RAM2             0x0000000010000000 0x0000000000008000 xrw
FLASH            0x0000000008000000 0x0000000000100000 xr
*default*        0x0000000000000000 0xffffffffffffffff

Linker script and memory map

LOAD /opt/gcc-arm-none-eabi-7-2018-q2-update/bin/../lib/gcc/arm-none-eabi/7.3.1/thumb/v7e-m/fpv4-sp/hard/crti.o
LOAD /opt/gcc-arm-none-eabi-7-2018-q2-update/bin/../lib/gcc/arm-none-eabi/7.3.1/thumb/v7e-m/fpv4-sp/hard/crtbegin.o
LOAD /opt/gcc-arm-none-eabi-7-2018-q2-update/bin/../lib/gcc/arm-none-eabi/7.3.1/../../../../arm-none-eabi/lib/thumb/v7e-m/fpv4-sp/hard/crt0.o
LOAD build/main.o
LOAD build/stm32l4xx_it.o
LOAD build/stm32l4xx_hal_msp.o
LOAD build/stm32l4xx_hal_dfsdm.o
LOAD build/stm32l4xx_hal.o
LOAD build/stm32l4xx_hal_i2c.o
LOAD build/stm32l4xx_hal_i2c_ex.o
LOAD build/stm32l4xx_hal_rcc.o
LOAD build/stm32l4xx_hal_rcc_ex.o
LOAD build/stm32l4xx_hal_flash.o
LOAD build/stm32l4xx_hal_flash_ex.o
LOAD build/stm32l4xx_hal_flash_ramfunc.o
LOAD build/stm32l4xx_hal_gpio.o
LOAD build/stm32l4xx_hal_dma.o
LOAD build/stm32l4xx_hal_pwr.o
LOAD build/stm32l4xx_hal_pwr_ex.o
LOAD build/stm32l4xx_hal_cortex.o
LOAD build/stm32l4xx_hal_qspi.o
LOAD build/stm32l4xx_hal_spi.o
LOAD build/stm32l4xx_hal_spi_ex.o
LOAD build/stm32l4xx_hal_tim.o
LOAD build/stm32l4xx_hal_tim_ex.o
LOAD build/stm32l4xx_hal_uart.o
LOAD build/stm32l4xx_hal_uart_ex.o
LOAD build/stm32l4xx_hal_pcd.o
LOAD build/stm32l4xx_hal_pcd_ex.o
LOAD build/stm32l4xx_ll_usb.o
LOAD build/system_stm32l4xx.o
LOAD build/es_wifi.o
LOAD build/es_wifi_io.o
LOAD build/wifi.o
LOAD build/stm32l475e_iot01.o
LOAD build/startup_stm32l475xx.o
LOAD /opt/gcc-arm-none-eabi-7-2018-q2-update/bin/../lib/gcc/arm-none-eabi/7.3.1/../../../../arm-none-eabi/lib/thumb/v7e-m/fpv4-sp/hard/libc_nano.a
LOAD /opt/gcc-arm-none-eabi-7-2018-q2-update/bin/../lib/gcc/arm-none-eabi/7.3.1/../../../../arm-none-eabi/lib/thumb/v7e-m/fpv4-sp/hard/libm.a
LOAD /opt/gcc-arm-none-eabi-7-2018-q2-update/bin/../lib/gcc/arm-none-eabi/7.3.1/../../../../arm-none-eabi/lib/thumb/v7e-m/fpv4-sp/hard/libnosys.a
START GROUP
LOAD /opt/gcc-arm-none-eabi-7-2018-q2-update/bin/../lib/gcc/arm-none-eabi/7.3.1/thumb/v7e-m/fpv4-sp/hard/libgcc.a
LOAD /opt/gcc-arm-none-eabi-7-2018-q2-update/bin/../lib/gcc/arm-none-eabi/7.3.1/../../../../arm-none-eabi/lib/thumb/v7e-m/fpv4-sp/hard/libc_nano.a
END GROUP
START GROUP
LOAD /opt/gcc-arm-none-eabi-7-2018-q2-update/bin/../lib/gcc/arm-none-eabi/7.3.1/thumb/v7e-m/fpv4-sp/hard/libgcc.a
LOAD /opt/gcc-arm-none-eabi-7-2018-q2-update/bin/../lib/gcc/arm-none-eabi/7.3.1/../../../../arm-none-eabi/lib/thumb/v7e-m/fpv4-sp/hard/libc_nano.a
END GROUP
LOAD /opt/gcc-arm-none-eabi-7-2018-q2-update/bin/../lib/gcc/arm-none-eabi/7.3.1/thumb/v7e-m/fpv4-sp/hard/crtend.o
LOAD /opt/gcc-arm-none-eabi-7-2018-q2-update/bin/../lib/gcc/arm-none-eabi/7.3.1/thumb/v7e-m/fpv4-sp/hard/crtn.o
                0x0000000020018000                _estack = 0x20018000
                0x0000000000000200                _Min_Heap_Size = 0x200
                0x0000000000000400                _Min_Stack_Size = 0x400

.isr_vector     0x0000000008000000      0x188
                0x0000000008000000                . = ALIGN (0x8)
 *(.isr_vector)
 .isr_vector    0x0000000008000000      0x188 build/startup_stm32l475xx.o
                0x0000000008000000                g_pfnVectors
                0x0000000008000188                . = ALIGN (0x8)

.text           0x0000000008000190     0x4ac0
                0x0000000008000190                . = ALIGN (0x8)
 *(.text)
 .text          0x0000000008000190       0x40 /opt/gcc-arm-none-eabi-7-2018-q2-update/bin/../lib/gcc/arm-none-eabi/7.3.1/thumb/v7e-m/fpv4-sp/hard/crtbegin.o
 .text          0x00000000080001d0       0x10 /opt/gcc-arm-none-eabi-7-2018-q2-update/bin/../lib/gcc/arm-none-eabi/7.3.1/../../../../arm-none-eabi/lib/thumb/v7e-m/fpv4-sp/hard/libc_nano.a(lib_a-strlen.o)
                0x00000000080001d0                strlen
 .text          0x00000000080001e0       0xa0 /opt/gcc-arm-none-eabi-7-2018-q2-update/bin/../lib/gcc/arm-none-eabi/7.3.1/../../../../arm-none-eabi/lib/thumb/v7e-m/fpv4-sp/hard/libc_nano.a(lib_a-memchr.o)
                0x00000000080001e0                memchr
 .text          0x0000000008000280       0x30 /opt/gcc-arm-none-eabi-7-2018-q2-update/bin/../lib/gcc/arm-none-eabi/7.3.1/thumb/v7e-m/fpv4-sp/hard/libgcc.a(_aeabi_uldivmod.o)
                0x0000000008000280                __aeabi_uldivmod
 .text          0x00000000080002b0      0x2cc /opt/gcc-arm-none-eabi-7-2018-q2-update/bin/../lib/gcc/arm-none-eabi/7.3.1/thumb/v7e-m/fpv4-sp/hard/libgcc.a(_udivmoddi4.o)
                0x00000000080002b0                __udivmoddi4
 .text          0x000000000800057c        0x4 /opt/gcc-arm-none-eabi-7-2018-q2-update/bin/../lib/gcc/arm-none-eabi/7.3.1/thumb/v7e-m/fpv4-sp/hard/libgcc.a(_dvmd_tls.o)
                0x000000000800057c                __aeabi_ldiv0
                0x000000000800057c                __aeabi_idiv0
 *(.text*)
 .text.SystemClock_Config
                0x0000000008000580       0x56 build/main.o
 *fill*         0x00000000080005d6        0x2 
 .text.main     0x00000000080005d8      0x224 build/main.o
                0x00000000080005d8                main
 .text.NMI_Handler
                0x00000000080007fc        0x2 build/stm32l4xx_it.o
                0x00000000080007fc                NMI_Handler
 .text.HardFault_Handler
                0x00000000080007fe        0x2 build/stm32l4xx_it.o
                0x00000000080007fe                HardFault_Handler
 .text.MemManage_Handler
                0x0000000008000800        0x2 build/stm32l4xx_it.o
                0x0000000008000800                MemManage_Handler
 .text.BusFault_Handler
                0x0000000008000802        0x2 build/stm32l4xx_it.o
                0x0000000008000802                BusFault_Handler
 .text.UsageFault_Handler
                0x0000000008000804        0x2 build/stm32l4xx_it.o
                0x0000000008000804                UsageFault_Handler
 .text.SVC_Handler
                0x0000000008000806        0x2 build/stm32l4xx_it.o
                0x0000000008000806                SVC_Handler
 .text.DebugMon_Handler
                0x0000000008000808        0x2 build/stm32l4xx_it.o
                0x0000000008000808                DebugMon_Handler
 .text.PendSV_Handler
                0x000000000800080a        0x2 build/stm32l4xx_it.o
                0x000000000800080a                PendSV_Handler
 .text.SysTick_Handler
                0x000000000800080c        0x8 build/stm32l4xx_it.o
                0x000000000800080c                SysTick_Handler
 .text.HAL_MspInit
                0x0000000008000814       0x30 build/stm32l4xx_hal_msp.o
                0x0000000008000814                HAL_MspInit
 .text.HAL_SPI_MspInit
                0x0000000008000844       0x6c build/stm32l4xx_hal_msp.o
                0x0000000008000844                HAL_SPI_MspInit
 .text.HAL_SPI_MspDeInit
                0x00000000080008b0       0x30 build/stm32l4xx_hal_msp.o
                0x00000000080008b0                HAL_SPI_MspDeInit
 .text.HAL_InitTick
                0x00000000080008e0       0x2c build/stm32l4xx_hal.o
                0x00000000080008e0                HAL_InitTick
 .text.HAL_Init
                0x000000000800090c       0x16 build/stm32l4xx_hal.o
                0x000000000800090c                HAL_Init
 *fill*         0x0000000008000922        0x2 
 .text.HAL_IncTick
                0x0000000008000924       0x10 build/stm32l4xx_hal.o
                0x0000000008000924                HAL_IncTick
 .text.HAL_GetTick
                0x0000000008000934        0xc build/stm32l4xx_hal.o
                0x0000000008000934                HAL_GetTick
 .text.HAL_Delay
                0x0000000008000940       0x1e build/stm32l4xx_hal.o
                0x0000000008000940                HAL_Delay
 *fill*         0x000000000800095e        0x2 
 .text.RCC_SetFlashLatencyFromMSIRange
                0x0000000008000960       0x90 build/stm32l4xx_hal_rcc.o
 .text.HAL_RCC_GetSysClockFreq
                0x00000000080009f0      0x100 build/stm32l4xx_hal_rcc.o
                0x00000000080009f0                HAL_RCC_GetSysClockFreq
 .text.HAL_RCC_OscConfig
                0x0000000008000af0      0x574 build/stm32l4xx_hal_rcc.o
                0x0000000008000af0                HAL_RCC_OscConfig
 .text.HAL_RCC_ClockConfig
                0x0000000008001064      0x1ac build/stm32l4xx_hal_rcc.o
                0x0000000008001064                HAL_RCC_ClockConfig
 .text.HAL_RCC_GetHCLKFreq
                0x0000000008001210        0xc build/stm32l4xx_hal_rcc.o
                0x0000000008001210                HAL_RCC_GetHCLKFreq
 .text.HAL_RCC_GetPCLK1Freq
                0x000000000800121c       0x20 build/stm32l4xx_hal_rcc.o
                0x000000000800121c                HAL_RCC_GetPCLK1Freq
 .text.HAL_RCC_GetPCLK2Freq
                0x000000000800123c       0x20 build/stm32l4xx_hal_rcc.o
                0x000000000800123c                HAL_RCC_GetPCLK2Freq
 .text.HAL_GPIO_Init
                0x000000000800125c      0x1d4 build/stm32l4xx_hal_gpio.o
                0x000000000800125c                HAL_GPIO_Init
 .text.HAL_GPIO_DeInit
                0x0000000008001430      0x11c build/stm32l4xx_hal_gpio.o
                0x0000000008001430                HAL_GPIO_DeInit
 .text.HAL_GPIO_ReadPin
                0x000000000800154c        0xe build/stm32l4xx_hal_gpio.o
                0x000000000800154c                HAL_GPIO_ReadPin
 .text.HAL_GPIO_WritePin
                0x000000000800155a        0xa build/stm32l4xx_hal_gpio.o
                0x000000000800155a                HAL_GPIO_WritePin
 .text.HAL_PWREx_GetVoltageRange
                0x0000000008001564       0x10 build/stm32l4xx_hal_pwr_ex.o
                0x0000000008001564                HAL_PWREx_GetVoltageRange
 .text.HAL_NVIC_SetPriorityGrouping
                0x0000000008001574       0x24 build/stm32l4xx_hal_cortex.o
                0x0000000008001574                HAL_NVIC_SetPriorityGrouping
 .text.HAL_NVIC_SetPriority
                0x0000000008001598       0x68 build/stm32l4xx_hal_cortex.o
                0x0000000008001598                HAL_NVIC_SetPriority
 .text.HAL_SYSTICK_Config
                0x0000000008001600       0x2c build/stm32l4xx_hal_cortex.o
                0x0000000008001600                HAL_SYSTICK_Config
 .text.SPI_WaitFlagStateUntilTimeout
                0x000000000800162c       0x92 build/stm32l4xx_hal_spi.o
 .text.SPI_WaitFifoStateUntilTimeout
                0x00000000080016be       0xa4 build/stm32l4xx_hal_spi.o
 .text.SPI_EndRxTxTransaction
                0x0000000008001762       0x66 build/stm32l4xx_hal_spi.o
 .text.SPI_EndRxTransaction
                0x00000000080017c8       0x88 build/stm32l4xx_hal_spi.o
 .text.HAL_SPI_Init
                0x0000000008001850       0xce build/stm32l4xx_hal_spi.o
                0x0000000008001850                HAL_SPI_Init
 .text.HAL_SPI_DeInit
                0x000000000800191e       0x2c build/stm32l4xx_hal_spi.o
                0x000000000800191e                HAL_SPI_DeInit
 .text.HAL_SPI_Transmit
                0x000000000800194a      0x1f6 build/stm32l4xx_hal_spi.o
                0x000000000800194a                HAL_SPI_Transmit
 .text.HAL_SPI_TransmitReceive
                0x0000000008001b40      0x3f2 build/stm32l4xx_hal_spi.o
                0x0000000008001b40                HAL_SPI_TransmitReceive
 .text.HAL_SPI_Receive
                0x0000000008001f32      0x294 build/stm32l4xx_hal_spi.o
                0x0000000008001f32                HAL_SPI_Receive
 .text.HAL_SPIEx_FlushRxFifo
                0x00000000080021c6       0x36 build/stm32l4xx_hal_spi_ex.o
                0x00000000080021c6                HAL_SPIEx_FlushRxFifo
 .text.HAL_UART_MspInit
                0x00000000080021fc        0x2 build/stm32l4xx_hal_uart.o
                0x00000000080021fc                HAL_UART_MspInit
 *fill*         0x00000000080021fe        0x2 
 .text.UART_SetConfig
                0x0000000008002200      0x408 build/stm32l4xx_hal_uart.o
                0x0000000008002200                UART_SetConfig
 .text.UART_AdvFeatureConfig
                0x0000000008002608       0xca build/stm32l4xx_hal_uart.o
                0x0000000008002608                UART_AdvFeatureConfig
 .text.UART_WaitOnFlagUntilTimeout
                0x00000000080026d2       0x62 build/stm32l4xx_hal_uart.o
                0x00000000080026d2                UART_WaitOnFlagUntilTimeout
 .text.UART_CheckIdleState
                0x0000000008002734       0x70 build/stm32l4xx_hal_uart.o
                0x0000000008002734                UART_CheckIdleState
 .text.HAL_UART_Init
                0x00000000080027a4       0x66 build/stm32l4xx_hal_uart.o
                0x00000000080027a4                HAL_UART_Init
 *fill*         0x000000000800280a        0x2 
 .text.SystemInit
                0x000000000800280c       0x48 build/system_stm32l4xx.o
                0x000000000800280c                SystemInit
 .text.Hex2Num  0x0000000008002854       0x34 build/es_wifi.o
 .text.ParseHexNumber
                0x0000000008002888       0x42 build/es_wifi.o
 .text.ParseNumber
                0x00000000080028ca       0x42 build/es_wifi.o
 .text.ParseMAC
                0x000000000800290c       0x38 build/es_wifi.o
 .text.ParseIP  0x0000000008002944       0x38 build/es_wifi.o
 .text.AT_ExecuteCommand
                0x000000000800297c       0x68 build/es_wifi.o
 .text.AT_RequestSendData
                0x00000000080029e4       0x90 build/es_wifi.o
 .text.AT_ParseInfo
                0x0000000008002a74       0xb8 build/es_wifi.o
 .text.AT_ParseConnSettings
                0x0000000008002b2c      0x110 build/es_wifi.o
 .text.ReceiveShortDataLen
                0x0000000008002c3c       0x50 build/es_wifi.o
 .text.ReceiveLongDataLen
                0x0000000008002c8c       0x80 build/es_wifi.o
 .text.AT_RequestReceiveData
                0x0000000008002d0c       0x62 build/es_wifi.o
 *fill*         0x0000000008002d6e        0x2 
 .text.ES_WIFI_Init
                0x0000000008002d70       0x3c build/es_wifi.o
                0x0000000008002d70                ES_WIFI_Init
 .text.ES_WIFI_RegisterBusIO
                0x0000000008002dac       0x3a build/es_wifi.o
                0x0000000008002dac                ES_WIFI_RegisterBusIO
 *fill*         0x0000000008002de6        0x2 
 .text.ES_WIFI_Connect
                0x0000000008002de8       0x90 build/es_wifi.o
                0x0000000008002de8                ES_WIFI_Connect
 .text.ES_WIFI_GetNetworkSettings
                0x0000000008002e78       0x34 build/es_wifi.o
                0x0000000008002e78                ES_WIFI_GetNetworkSettings
 .text.ES_WIFI_GetMACAddress
                0x0000000008002eac       0x3c build/es_wifi.o
                0x0000000008002eac                ES_WIFI_GetMACAddress
 .text.ES_WIFI_DNS_LookUp
                0x0000000008002ee8       0x40 build/es_wifi.o
                0x0000000008002ee8                ES_WIFI_DNS_LookUp
 .text.ES_WIFI_StartClientConnection
                0x0000000008002f28       0xdc build/es_wifi.o
                0x0000000008002f28                ES_WIFI_StartClientConnection
 .text.ES_WIFI_SendData
                0x0000000008003004       0xa4 build/es_wifi.o
                0x0000000008003004                ES_WIFI_SendData
 .text.ES_WIFI_ReceiveData
                0x00000000080030a8       0xa4 build/es_wifi.o
                0x00000000080030a8                ES_WIFI_ReceiveData
 .text.SPI_WIFI_MspInit
                0x000000000800314c      0x124 build/es_wifi_io.o
                0x000000000800314c                SPI_WIFI_MspInit
 .text.SPI_WIFI_Init
                0x0000000008003270      0x138 build/es_wifi_io.o
                0x0000000008003270                SPI_WIFI_Init
 .text.SPI_WIFI_DeInit
                0x00000000080033a8       0x10 build/es_wifi_io.o
                0x00000000080033a8                SPI_WIFI_DeInit
 .text.SPI_WIFI_SendData
                0x00000000080033b8       0xc0 build/es_wifi_io.o
                0x00000000080033b8                SPI_WIFI_SendData
 .text.SPI_WIFI_Delay
                0x0000000008003478        0x8 build/es_wifi_io.o
                0x0000000008003478                SPI_WIFI_Delay
 .text.SPI_WIFI_ReceiveData
                0x0000000008003480       0xfc build/es_wifi_io.o
                0x0000000008003480                SPI_WIFI_ReceiveData
 .text.WIFI_Init
                0x000000000800357c       0x4c build/wifi.o
                0x000000000800357c                WIFI_Init
 .text.WIFI_Connect
                0x00000000080035c8       0x28 build/wifi.o
                0x00000000080035c8                WIFI_Connect
 .text.WIFI_GetMAC_Address
                0x00000000080035f0       0x18 build/wifi.o
                0x00000000080035f0                WIFI_GetMAC_Address
 .text.WIFI_GetIP_Address
                0x0000000008003608       0x1c build/wifi.o
                0x0000000008003608                WIFI_GetIP_Address
 .text.WIFI_OpenClientConnection
                0x0000000008003624       0x54 build/wifi.o
                0x0000000008003624                WIFI_OpenClientConnection
 .text.WIFI_SendData
                0x0000000008003678       0x28 build/wifi.o
                0x0000000008003678                WIFI_SendData
 .text.WIFI_ReceiveData
                0x00000000080036a0       0x28 build/wifi.o
                0x00000000080036a0                WIFI_ReceiveData
 .text.WIFI_DNS_Lookup
                0x00000000080036c8       0x14 build/wifi.o
                0x00000000080036c8                WIFI_DNS_Lookup
 .text.BSP_LED_Init
                0x00000000080036dc       0x48 build/stm32l475e_iot01.o
                0x00000000080036dc                BSP_LED_Init
 .text.BSP_LED_On
                0x0000000008003724       0x18 build/stm32l475e_iot01.o
                0x0000000008003724                BSP_LED_On
 .text.BSP_COM_Init
                0x000000000800373c       0xa0 build/stm32l475e_iot01.o
                0x000000000800373c                BSP_COM_Init
 .text.Reset_Handler
                0x00000000080037dc       0x50 build/startup_stm32l475xx.o
                0x00000000080037dc                Reset_Handler
 .text.Default_Handler
                0x000000000800382c        0x2 build/startup_stm32l475xx.o
                0x000000000800382c                RTC_Alarm_IRQHandler
                0x000000000800382c                EXTI2_IRQHandler
                0x000000000800382c                TIM8_TRG_COM_IRQHandler
                0x000000000800382c                TIM8_CC_IRQHandler
                0x000000000800382c                TIM1_CC_IRQHandler
                0x000000000800382c                TSC_IRQHandler
                0x000000000800382c                TAMP_STAMP_IRQHandler
                0x000000000800382c                EXTI3_IRQHandler
                0x000000000800382c                LPTIM2_IRQHandler
                0x000000000800382c                DFSDM1_FLT1_IRQHandler
                0x000000000800382c                I2C3_ER_IRQHandler
                0x000000000800382c                DFSDM1_FLT2_IRQHandler
                0x000000000800382c                EXTI0_IRQHandler
                0x000000000800382c                I2C2_EV_IRQHandler
                0x000000000800382c                CAN1_RX0_IRQHandler
                0x000000000800382c                FPU_IRQHandler
                0x000000000800382c                TIM1_UP_TIM16_IRQHandler
                0x000000000800382c                ADC1_2_IRQHandler
                0x000000000800382c                SPI1_IRQHandler
                0x000000000800382c                TIM6_DAC_IRQHandler
                0x000000000800382c                TIM8_UP_IRQHandler
                0x000000000800382c                DMA2_Channel2_IRQHandler
                0x000000000800382c                DMA1_Channel4_IRQHandler
                0x000000000800382c                SAI2_IRQHandler
                0x000000000800382c                DFSDM1_FLT3_IRQHandler
                0x000000000800382c                USART3_IRQHandler
                0x000000000800382c                DMA1_Channel7_IRQHandler
                0x000000000800382c                CAN1_RX1_IRQHandler
                0x000000000800382c                UART5_IRQHandler
                0x000000000800382c                ADC3_IRQHandler
                0x000000000800382c                TIM4_IRQHandler
                0x000000000800382c                DMA2_Channel1_IRQHandler
                0x000000000800382c                QUADSPI_IRQHandler
                0x000000000800382c                I2C1_EV_IRQHandler
                0x000000000800382c                DMA1_Channel6_IRQHandler
                0x000000000800382c                UART4_IRQHandler
                0x000000000800382c                DMA2_Channel4_IRQHandler
                0x000000000800382c                TIM3_IRQHandler
                0x000000000800382c                RCC_IRQHandler
                0x000000000800382c                DMA1_Channel1_IRQHandler
                0x000000000800382c                Default_Handler
                0x000000000800382c                DMA2_Channel7_IRQHandler
                0x000000000800382c                EXTI15_10_IRQHandler
                0x000000000800382c                TIM7_IRQHandler
                0x000000000800382c                SDMMC1_IRQHandler
                0x000000000800382c                TIM5_IRQHandler
                0x000000000800382c                I2C3_EV_IRQHandler
                0x000000000800382c                EXTI9_5_IRQHandler
                0x000000000800382c                RTC_WKUP_IRQHandler
                0x000000000800382c                PVD_PVM_IRQHandler
                0x000000000800382c                SPI2_IRQHandler
                0x000000000800382c                CAN1_TX_IRQHandler
                0x000000000800382c                DMA2_Channel5_IRQHandler
                0x000000000800382c                DMA1_Channel5_IRQHandler
                0x000000000800382c                EXTI4_IRQHandler
                0x000000000800382c                RNG_IRQHandler
                0x000000000800382c                TIM1_TRG_COM_TIM17_IRQHandler
                0x000000000800382c                DMA1_Channel3_IRQHandler
                0x000000000800382c                COMP_IRQHandler
                0x000000000800382c                WWDG_IRQHandler
                0x000000000800382c                LPUART1_IRQHandler
                0x000000000800382c                DMA2_Channel6_IRQHandler
                0x000000000800382c                TIM2_IRQHandler
                0x000000000800382c                EXTI1_IRQHandler
                0x000000000800382c                USART2_IRQHandler
                0x000000000800382c                DFSDM1_FLT0_IRQHandler
                0x000000000800382c                I2C2_ER_IRQHandler
                0x000000000800382c                DMA1_Channel2_IRQHandler
                0x000000000800382c                TIM8_BRK_IRQHandler
                0x000000000800382c                CAN1_SCE_IRQHandler
                0x000000000800382c                FLASH_IRQHandler
                0x000000000800382c                USART1_IRQHandler
                0x000000000800382c                OTG_FS_IRQHandler
                0x000000000800382c                SPI3_IRQHandler
                0x000000000800382c                I2C1_ER_IRQHandler
                0x000000000800382c                FMC_IRQHandler
                0x000000000800382c                SWPMI1_IRQHandler
                0x000000000800382c                LPTIM1_IRQHandler
                0x000000000800382c                SAI1_IRQHandler
                0x000000000800382c                DMA2_Channel3_IRQHandler
                0x000000000800382c                TIM1_BRK_TIM15_IRQHandler
 *fill*         0x000000000800382e        0x2 
 .text.__libc_init_array
                0x0000000008003830       0x48 /opt/gcc-arm-none-eabi-7-2018-q2-update/bin/../lib/gcc/arm-none-eabi/7.3.1/../../../../arm-none-eabi/lib/thumb/v7e-m/fpv4-sp/hard/libc_nano.a(lib_a-init.o)
                0x0000000008003830                __libc_init_array
 .text.memcpy   0x0000000008003878       0x16 /opt/gcc-arm-none-eabi-7-2018-q2-update/bin/../lib/gcc/arm-none-eabi/7.3.1/../../../../arm-none-eabi/lib/thumb/v7e-m/fpv4-sp/hard/libc_nano.a(lib_a-memcpy-stub.o)
                0x0000000008003878                memcpy
 .text.memset   0x000000000800388e       0x10 /opt/gcc-arm-none-eabi-7-2018-q2-update/bin/../lib/gcc/arm-none-eabi/7.3.1/../../../../arm-none-eabi/lib/thumb/v7e-m/fpv4-sp/hard/libc_nano.a(lib_a-memset.o)
                0x000000000800388e                memset
 *fill*         0x000000000800389e        0x2 
 .text.printf   0x00000000080038a0       0x30 /opt/gcc-arm-none-eabi-7-2018-q2-update/bin/../lib/gcc/arm-none-eabi/7.3.1/../../../../arm-none-eabi/lib/thumb/v7e-m/fpv4-sp/hard/libc_nano.a(lib_a-printf.o)
                0x00000000080038a0                printf
                0x00000000080038a0                iprintf
 .text._puts_r  0x00000000080038d0       0xb8 /opt/gcc-arm-none-eabi-7-2018-q2-update/bin/../lib/gcc/arm-none-eabi/7.3.1/../../../../arm-none-eabi/lib/thumb/v7e-m/fpv4-sp/hard/libc_nano.a(lib_a-puts.o)
                0x00000000080038d0                _puts_r
 .text.puts     0x0000000008003988       0x10 /opt/gcc-arm-none-eabi-7-2018-q2-update/bin/../lib/gcc/arm-none-eabi/7.3.1/../../../../arm-none-eabi/lib/thumb/v7e-m/fpv4-sp/hard/libc_nano.a(lib_a-puts.o)
                0x0000000008003988                puts
 .text.sprintf  0x0000000008003998       0x40 /opt/gcc-arm-none-eabi-7-2018-q2-update/bin/../lib/gcc/arm-none-eabi/7.3.1/../../../../arm-none-eabi/lib/thumb/v7e-m/fpv4-sp/hard/libc_nano.a(lib_a-sprintf.o)
                0x0000000008003998                sprintf
                0x0000000008003998                siprintf
 .text.strncpy  0x00000000080039d8       0x2a /opt/gcc-arm-none-eabi-7-2018-q2-update/bin/../lib/gcc/arm-none-eabi/7.3.1/../../../../arm-none-eabi/lib/thumb/v7e-m/fpv4-sp/hard/libc_nano.a(lib_a-strncpy.o)
                0x00000000080039d8                strncpy
 .text.strstr   0x0000000008003a02       0x34 /opt/gcc-arm-none-eabi-7-2018-q2-update/bin/../lib/gcc/arm-none-eabi/7.3.1/../../../../arm-none-eabi/lib/thumb/v7e-m/fpv4-sp/hard/libc_nano.a(lib_a-strstr.o)
                0x0000000008003a02                strstr
 *fill*         0x0000000008003a36        0x2 
 .text.strtok   0x0000000008003a38       0x54 /opt/gcc-arm-none-eabi-7-2018-q2-update/bin/../lib/gcc/arm-none-eabi/7.3.1/../../../../arm-none-eabi/lib/thumb/v7e-m/fpv4-sp/hard/libc_nano.a(lib_a-strtok.o)
                0x0000000008003a38                strtok
 .text.__strtok_r
                0x0000000008003a8c       0x54 /opt/gcc-arm-none-eabi-7-2018-q2-update/bin/../lib/gcc/arm-none-eabi/7.3.1/../../../../arm-none-eabi/lib/thumb/v7e-m/fpv4-sp/hard/libc_nano.a(lib_a-strtok_r.o)
                0x0000000008003a8c                __strtok_r
 .text.__swbuf_r
                0x0000000008003ae0       0xa4 /opt/gcc-arm-none-eabi-7-2018-q2-update/bin/../lib/gcc/arm-none-eabi/7.3.1/../../../../arm-none-eabi/lib/thumb/v7e-m/fpv4-sp/hard/libc_nano.a(lib_a-wbuf.o)
                0x0000000008003ae0                __swbuf_r
 .text.__swsetup_r
                0x0000000008003b84       0xdc /opt/gcc-arm-none-eabi-7-2018-q2-update/bin/../lib/gcc/arm-none-eabi/7.3.1/../../../../arm-none-eabi/lib/thumb/v7e-m/fpv4-sp/hard/libc_nano.a(lib_a-wsetup.o)
                0x0000000008003b84                __swsetup_r
 .text.__sflush_r
                0x0000000008003c60      0x10c /opt/gcc-arm-none-eabi-7-2018-q2-update/bin/../lib/gcc/arm-none-eabi/7.3.1/../../../../arm-none-eabi/lib/thumb/v7e-m/fpv4-sp/hard/libc_nano.a(lib_a-fflush.o)
                0x0000000008003c60                __sflush_r
 .text._fflush_r
                0x0000000008003d6c       0x54 /opt/gcc-arm-none-eabi-7-2018-q2-update/bin/../lib/gcc/arm-none-eabi/7.3.1/../../../../arm-none-eabi/lib/thumb/v7e-m/fpv4-sp/hard/libc_nano.a(lib_a-fflush.o)
                0x0000000008003d6c                _fflush_r
 .text.std      0x0000000008003dc0       0x48 /opt/gcc-arm-none-eabi-7-2018-q2-update/bin/../lib/gcc/arm-none-eabi/7.3.1/../../../../arm-none-eabi/lib/thumb/v7e-m/fpv4-sp/hard/libc_nano.a(lib_a-findfp.o)
 .text._cleanup_r
                0x0000000008003e08        0xc /opt/gcc-arm-none-eabi-7-2018-q2-update/bin/../lib/gcc/arm-none-eabi/7.3.1/../../../../arm-none-eabi/lib/thumb/v7e-m/fpv4-sp/hard/libc_nano.a(lib_a-findfp.o)
                0x0000000008003e08                _cleanup_r
 .text.__sfmoreglue
                0x0000000008003e14       0x2c /opt/gcc-arm-none-eabi-7-2018-q2-update/bin/../lib/gcc/arm-none-eabi/7.3.1/../../../../arm-none-eabi/lib/thumb/v7e-m/fpv4-sp/hard/libc_nano.a(lib_a-findfp.o)
                0x0000000008003e14                __sfmoreglue
 .text.__sinit  0x0000000008003e40       0x60 /opt/gcc-arm-none-eabi-7-2018-q2-update/bin/../lib/gcc/arm-none-eabi/7.3.1/../../../../arm-none-eabi/lib/thumb/v7e-m/fpv4-sp/hard/libc_nano.a(lib_a-findfp.o)
                0x0000000008003e40                __sinit
 .text.__sfp    0x0000000008003ea0       0x78 /opt/gcc-arm-none-eabi-7-2018-q2-update/bin/../lib/gcc/arm-none-eabi/7.3.1/../../../../arm-none-eabi/lib/thumb/v7e-m/fpv4-sp/hard/libc_nano.a(lib_a-findfp.o)
                0x0000000008003ea0                __sfp
 .text._fwalk_reent
                0x0000000008003f18       0x3c /opt/gcc-arm-none-eabi-7-2018-q2-update/bin/../lib/gcc/arm-none-eabi/7.3.1/../../../../arm-none-eabi/lib/thumb/v7e-m/fpv4-sp/hard/libc_nano.a(lib_a-fwalk.o)
                0x0000000008003f18                _fwalk_reent
 .text.__swhatbuf_r
                0x0000000008003f54       0x48 /opt/gcc-arm-none-eabi-7-2018-q2-update/bin/../lib/gcc/arm-none-eabi/7.3.1/../../../../arm-none-eabi/lib/thumb/v7e-m/fpv4-sp/hard/libc_nano.a(lib_a-makebuf.o)
                0x0000000008003f54                __swhatbuf_r
 .text.__smakebuf_r
                0x0000000008003f9c       0x80 /opt/gcc-arm-none-eabi-7-2018-q2-update/bin/../lib/gcc/arm-none-eabi/7.3.1/../../../../arm-none-eabi/lib/thumb/v7e-m/fpv4-sp/hard/libc_nano.a(lib_a-makebuf.o)
                0x0000000008003f9c                __smakebuf_r
 .text.malloc   0x000000000800401c       0x10 /opt/gcc-arm-none-eabi-7-2018-q2-update/bin/../lib/gcc/arm-none-eabi/7.3.1/../../../../arm-none-eabi/lib/thumb/v7e-m/fpv4-sp/hard/libc_nano.a(lib_a-malloc.o)
                0x000000000800401c                malloc
 .text._free_r  0x000000000800402c       0x9c /opt/gcc-arm-none-eabi-7-2018-q2-update/bin/../lib/gcc/arm-none-eabi/7.3.1/../../../../arm-none-eabi/lib/thumb/v7e-m/fpv4-sp/hard/libc_nano.a(lib_a-nano-freer.o)
                0x000000000800402c                _free_r
 .text._malloc_r
                0x00000000080040c8       0xb4 /opt/gcc-arm-none-eabi-7-2018-q2-update/bin/../lib/gcc/arm-none-eabi/7.3.1/../../../../arm-none-eabi/lib/thumb/v7e-m/fpv4-sp/hard/libc_nano.a(lib_a-nano-mallocr.o)
                0x00000000080040c8                _malloc_r
 .text.__ssputs_r
                0x000000000800417c       0xb4 /opt/gcc-arm-none-eabi-7-2018-q2-update/bin/../lib/gcc/arm-none-eabi/7.3.1/../../../../arm-none-eabi/lib/thumb/v7e-m/fpv4-sp/hard/libc_nano.a(lib_a-nano-svfprintf.o)
                0x000000000800417c                __ssputs_r
 .text._svfprintf_r
                0x0000000008004230      0x1f0 /opt/gcc-arm-none-eabi-7-2018-q2-update/bin/../lib/gcc/arm-none-eabi/7.3.1/../../../../arm-none-eabi/lib/thumb/v7e-m/fpv4-sp/hard/libc_nano.a(lib_a-nano-svfprintf.o)
                0x0000000008004230                _svfprintf_r
                0x0000000008004230                _svfiprintf_r
 .text.__sfputc_r
                0x0000000008004420       0x2e /opt/gcc-arm-none-eabi-7-2018-q2-update/bin/../lib/gcc/arm-none-eabi/7.3.1/../../../../arm-none-eabi/lib/thumb/v7e-m/fpv4-sp/hard/libc_nano.a(lib_a-nano-vfprintf.o)
 .text.__sfputs_r
                0x000000000800444e       0x24 /opt/gcc-arm-none-eabi-7-2018-q2-update/bin/../lib/gcc/arm-none-eabi/7.3.1/../../../../arm-none-eabi/lib/thumb/v7e-m/fpv4-sp/hard/libc_nano.a(lib_a-nano-vfprintf.o)
                0x000000000800444e                __sfputs_r
 *fill*         0x0000000008004472        0x2 
 .text._vfprintf_r
                0x0000000008004474      0x22c /opt/gcc-arm-none-eabi-7-2018-q2-update/bin/../lib/gcc/arm-none-eabi/7.3.1/../../../../arm-none-eabi/lib/thumb/v7e-m/fpv4-sp/hard/libc_nano.a(lib_a-nano-vfprintf.o)
                0x0000000008004474                _vfiprintf_r
                0x0000000008004474                _vfprintf_r
 .text._printf_common
                0x00000000080046a0       0xea /opt/gcc-arm-none-eabi-7-2018-q2-update/bin/../lib/gcc/arm-none-eabi/7.3.1/../../../../arm-none-eabi/lib/thumb/v7e-m/fpv4-sp/hard/libc_nano.a(lib_a-nano-vfprintf_i.o)
                0x00000000080046a0                _printf_common
 *fill*         0x000000000800478a        0x2 
 .text._printf_i
                0x000000000800478c      0x224 /opt/gcc-arm-none-eabi-7-2018-q2-update/bin/../lib/gcc/arm-none-eabi/7.3.1/../../../../arm-none-eabi/lib/thumb/v7e-m/fpv4-sp/hard/libc_nano.a(lib_a-nano-vfprintf_i.o)
                0x000000000800478c                _printf_i
 .text._sbrk_r  0x00000000080049b0       0x20 /opt/gcc-arm-none-eabi-7-2018-q2-update/bin/../lib/gcc/arm-none-eabi/7.3.1/../../../../arm-none-eabi/lib/thumb/v7e-m/fpv4-sp/hard/libc_nano.a(lib_a-sbrkr.o)
                0x00000000080049b0                _sbrk_r
 .text.__sread  0x00000000080049d0       0x22 /opt/gcc-arm-none-eabi-7-2018-q2-update/bin/../lib/gcc/arm-none-eabi/7.3.1/../../../../arm-none-eabi/lib/thumb/v7e-m/fpv4-sp/hard/libc_nano.a(lib_a-stdio.o)
                0x00000000080049d0                __sread
 .text.__swrite
                0x00000000080049f2       0x38 /opt/gcc-arm-none-eabi-7-2018-q2-update/bin/../lib/gcc/arm-none-eabi/7.3.1/../../../../arm-none-eabi/lib/thumb/v7e-m/fpv4-sp/hard/libc_nano.a(lib_a-stdio.o)
                0x00000000080049f2                __swrite
 .text.__sseek  0x0000000008004a2a       0x24 /opt/gcc-arm-none-eabi-7-2018-q2-update/bin/../lib/gcc/arm-none-eabi/7.3.1/../../../../arm-none-eabi/lib/thumb/v7e-m/fpv4-sp/hard/libc_nano.a(lib_a-stdio.o)
                0x0000000008004a2a                __sseek
 .text.__sclose
                0x0000000008004a4e        0x8 /opt/gcc-arm-none-eabi-7-2018-q2-update/bin/../lib/gcc/arm-none-eabi/7.3.1/../../../../arm-none-eabi/lib/thumb/v7e-m/fpv4-sp/hard/libc_nano.a(lib_a-stdio.o)
                0x0000000008004a4e                __sclose
 *fill*         0x0000000008004a56        0x2 
 .text._write_r
                0x0000000008004a58       0x24 /opt/gcc-arm-none-eabi-7-2018-q2-update/bin/../lib/gcc/arm-none-eabi/7.3.1/../../../../arm-none-eabi/lib/thumb/v7e-m/fpv4-sp/hard/libc_nano.a(lib_a-writer.o)
                0x0000000008004a58                _write_r
 .text._close_r
                0x0000000008004a7c       0x20 /opt/gcc-arm-none-eabi-7-2018-q2-update/bin/../lib/gcc/arm-none-eabi/7.3.1/../../../../arm-none-eabi/lib/thumb/v7e-m/fpv4-sp/hard/libc_nano.a(lib_a-closer.o)
                0x0000000008004a7c                _close_r
 .text._fstat_r
                0x0000000008004a9c       0x24 /opt/gcc-arm-none-eabi-7-2018-q2-update/bin/../lib/gcc/arm-none-eabi/7.3.1/../../../../arm-none-eabi/lib/thumb/v7e-m/fpv4-sp/hard/libc_nano.a(lib_a-fstatr.o)
                0x0000000008004a9c                _fstat_r
 .text._isatty_r
                0x0000000008004ac0       0x20 /opt/gcc-arm-none-eabi-7-2018-q2-update/bin/../lib/gcc/arm-none-eabi/7.3.1/../../../../arm-none-eabi/lib/thumb/v7e-m/fpv4-sp/hard/libc_nano.a(lib_a-isattyr.o)
                0x0000000008004ac0                _isatty_r
 .text._lseek_r
                0x0000000008004ae0       0x24 /opt/gcc-arm-none-eabi-7-2018-q2-update/bin/../lib/gcc/arm-none-eabi/7.3.1/../../../../arm-none-eabi/lib/thumb/v7e-m/fpv4-sp/hard/libc_nano.a(lib_a-lseekr.o)
                0x0000000008004ae0                _lseek_r
 .text.memmove  0x0000000008004b04       0x32 /opt/gcc-arm-none-eabi-7-2018-q2-update/bin/../lib/gcc/arm-none-eabi/7.3.1/../../../../arm-none-eabi/lib/thumb/v7e-m/fpv4-sp/hard/libc_nano.a(lib_a-memmove.o)
                0x0000000008004b04                memmove
 .text.__malloc_lock
                0x0000000008004b36        0x2 /opt/gcc-arm-none-eabi-7-2018-q2-update/bin/../lib/gcc/arm-none-eabi/7.3.1/../../../../arm-none-eabi/lib/thumb/v7e-m/fpv4-sp/hard/libc_nano.a(lib_a-mlock.o)
                0x0000000008004b36                __malloc_lock
 .text.__malloc_unlock
                0x0000000008004b38        0x2 /opt/gcc-arm-none-eabi-7-2018-q2-update/bin/../lib/gcc/arm-none-eabi/7.3.1/../../../../arm-none-eabi/lib/thumb/v7e-m/fpv4-sp/hard/libc_nano.a(lib_a-mlock.o)
                0x0000000008004b38                __malloc_unlock
 .text._realloc_r
                0x0000000008004b3a       0x4c /opt/gcc-arm-none-eabi-7-2018-q2-update/bin/../lib/gcc/arm-none-eabi/7.3.1/../../../../arm-none-eabi/lib/thumb/v7e-m/fpv4-sp/hard/libc_nano.a(lib_a-nano-reallocr.o)
                0x0000000008004b3a                _realloc_r
 *fill*         0x0000000008004b86        0x2 
 .text._read_r  0x0000000008004b88       0x24 /opt/gcc-arm-none-eabi-7-2018-q2-update/bin/../lib/gcc/arm-none-eabi/7.3.1/../../../../arm-none-eabi/lib/thumb/v7e-m/fpv4-sp/hard/libc_nano.a(lib_a-readr.o)
                0x0000000008004b88                _read_r
 .text._malloc_usable_size_r
                0x0000000008004bac       0x10 /opt/gcc-arm-none-eabi-7-2018-q2-update/bin/../lib/gcc/arm-none-eabi/7.3.1/../../../../arm-none-eabi/lib/thumb/v7e-m/fpv4-sp/hard/libc_nano.a(lib_a-nano-msizer.o)
                0x0000000008004bac                _malloc_usable_size_r
 .text._close   0x0000000008004bbc       0x10 /opt/gcc-arm-none-eabi-7-2018-q2-update/bin/../lib/gcc/arm-none-eabi/7.3.1/../../../../arm-none-eabi/lib/thumb/v7e-m/fpv4-sp/hard/libnosys.a(close.o)
                0x0000000008004bbc                _close
 .text._fstat   0x0000000008004bcc       0x10 /opt/gcc-arm-none-eabi-7-2018-q2-update/bin/../lib/gcc/arm-none-eabi/7.3.1/../../../../arm-none-eabi/lib/thumb/v7e-m/fpv4-sp/hard/libnosys.a(fstat.o)
                0x0000000008004bcc                _fstat
 .text._isatty  0x0000000008004bdc       0x10 /opt/gcc-arm-none-eabi-7-2018-q2-update/bin/../lib/gcc/arm-none-eabi/7.3.1/../../../../arm-none-eabi/lib/thumb/v7e-m/fpv4-sp/hard/libnosys.a(isatty.o)
                0x0000000008004bdc                _isatty
 .text._lseek   0x0000000008004bec       0x10 /opt/gcc-arm-none-eabi-7-2018-q2-update/bin/../lib/gcc/arm-none-eabi/7.3.1/../../../../arm-none-eabi/lib/thumb/v7e-m/fpv4-sp/hard/libnosys.a(lseek.o)
                0x0000000008004bec                _lseek
 .text._read    0x0000000008004bfc       0x10 /opt/gcc-arm-none-eabi-7-2018-q2-update/bin/../lib/gcc/arm-none-eabi/7.3.1/../../../../arm-none-eabi/lib/thumb/v7e-m/fpv4-sp/hard/libnosys.a(read.o)
                0x0000000008004bfc                _read
 .text._sbrk    0x0000000008004c0c       0x1c /opt/gcc-arm-none-eabi-7-2018-q2-update/bin/../lib/gcc/arm-none-eabi/7.3.1/../../../../arm-none-eabi/lib/thumb/v7e-m/fpv4-sp/hard/libnosys.a(sbrk.o)
                0x0000000008004c0c                _sbrk
 .text._write   0x0000000008004c28       0x10 /opt/gcc-arm-none-eabi-7-2018-q2-update/bin/../lib/gcc/arm-none-eabi/7.3.1/../../../../arm-none-eabi/lib/thumb/v7e-m/fpv4-sp/hard/libnosys.a(write.o)
                0x0000000008004c28                _write
 *(.glue_7)
 .glue_7        0x0000000008004c38        0x0 linker stubs
 *(.glue_7t)
 .glue_7t       0x0000000008004c38        0x0 linker stubs
 *(.eh_frame)
 .eh_frame      0x0000000008004c38        0x0 /opt/gcc-arm-none-eabi-7-2018-q2-update/bin/../lib/gcc/arm-none-eabi/7.3.1/thumb/v7e-m/fpv4-sp/hard/crtbegin.o
 *(.init)
 .init          0x0000000008004c38        0x4 /opt/gcc-arm-none-eabi-7-2018-q2-update/bin/../lib/gcc/arm-none-eabi/7.3.1/thumb/v7e-m/fpv4-sp/hard/crti.o
                0x0000000008004c38                _init
 .init          0x0000000008004c3c        0x8 /opt/gcc-arm-none-eabi-7-2018-q2-update/bin/../lib/gcc/arm-none-eabi/7.3.1/thumb/v7e-m/fpv4-sp/hard/crtn.o
 *(.fini)
 .fini          0x0000000008004c44        0x4 /opt/gcc-arm-none-eabi-7-2018-q2-update/bin/../lib/gcc/arm-none-eabi/7.3.1/thumb/v7e-m/fpv4-sp/hard/crti.o
                0x0000000008004c44                _fini
 .fini          0x0000000008004c48        0x8 /opt/gcc-arm-none-eabi-7-2018-q2-update/bin/../lib/gcc/arm-none-eabi/7.3.1/thumb/v7e-m/fpv4-sp/hard/crtn.o
                0x0000000008004c50                . = ALIGN (0x8)
                0x0000000008004c50                _etext = .

.vfp11_veneer   0x0000000008004c50        0x0
 .vfp11_veneer  0x0000000008004c50        0x0 linker stubs

.v4_bx          0x0000000008004c50        0x0
 .v4_bx         0x0000000008004c50        0x0 linker stubs

.iplt           0x0000000008004c50        0x0
 .iplt          0x0000000008004c50        0x0 /opt/gcc-arm-none-eabi-7-2018-q2-update/bin/../lib/gcc/arm-none-eabi/7.3.1/thumb/v7e-m/fpv4-sp/hard/crtbegin.o

.rodata         0x0000000008004c50      0x558
                0x0000000008004c50                . = ALIGN (0x8)
 *(.rodata)
 *(.rodata*)
 .rodata.main.str1.4
                0x0000000008004c50      0x3ba build/main.o
 *fill*         0x000000000800500a        0x2 
 .rodata.AHBPrescTable
                0x000000000800500c       0x10 build/system_stm32l4xx.o
                0x000000000800500c                AHBPrescTable
 .rodata.APBPrescTable
                0x000000000800501c        0x8 build/system_stm32l4xx.o
                0x000000000800501c                APBPrescTable
 .rodata.MSIRangeTable
                0x0000000008005024       0x30 build/system_stm32l4xx.o
                0x0000000008005024                MSIRangeTable
 .rodata.AT_ExecuteCommand.str1.4
                0x0000000008005054       0x14 build/es_wifi.o
 .rodata.AT_ParseInfo.str1.4
                0x0000000008005068       0x14 build/es_wifi.o
                                          0x2 (size before relaxing)
 .rodata.AT_ParseSystemConfig.str1.4
                0x0000000008005068        0x2 build/es_wifi.o
 *fill*         0x000000000800506a        0x2 
 .rodata.ES_WIFI_Connect.str1.4
                0x000000000800506c       0x1c build/es_wifi.o
 .rodata.ES_WIFI_DNS_LookUp.str1.4
                0x0000000008005088        0x7 build/es_wifi.o
 *fill*         0x000000000800508f        0x1 
 .rodata.ES_WIFI_GetMACAddress.str1.4
                0x0000000008005090        0x7 build/es_wifi.o
 *fill*         0x0000000008005097        0x1 
 .rodata.ES_WIFI_GetNetworkSettings.str1.4
                0x0000000008005098        0x4 build/es_wifi.o
 .rodata.ES_WIFI_Init.str1.4
                0x000000000800509c        0x5 build/es_wifi.o
 *fill*         0x00000000080050a1        0x3 
 .rodata.ES_WIFI_ReceiveData.str1.4
                0x00000000080050a4       0x15 build/es_wifi.o
 *fill*         0x00000000080050b9        0x3 
 .rodata.ES_WIFI_SendData.str1.4
                0x00000000080050bc       0x19 build/es_wifi.o
 *fill*         0x00000000080050d5        0x3 
 .rodata.ES_WIFI_StartClientConnection.str1.4
                0x00000000080050d8       0x38 build/es_wifi.o
                                         0x36 (size before relaxing)
 .rodata._global_impure_ptr
                0x0000000008005110        0x4 /opt/gcc-arm-none-eabi-7-2018-q2-update/bin/../lib/gcc/arm-none-eabi/7.3.1/../../../../arm-none-eabi/lib/thumb/v7e-m/fpv4-sp/hard/libc_nano.a(lib_a-impure.o)
                0x0000000008005110                _global_impure_ptr
 .rodata.__sf_fake_stderr
                0x0000000008005114       0x20 /opt/gcc-arm-none-eabi-7-2018-q2-update/bin/../lib/gcc/arm-none-eabi/7.3.1/../../../../arm-none-eabi/lib/thumb/v7e-m/fpv4-sp/hard/libc_nano.a(lib_a-findfp.o)
                0x0000000008005114                __sf_fake_stderr
 .rodata.__sf_fake_stdin
                0x0000000008005134       0x20 /opt/gcc-arm-none-eabi-7-2018-q2-update/bin/../lib/gcc/arm-none-eabi/7.3.1/../../../../arm-none-eabi/lib/thumb/v7e-m/fpv4-sp/hard/libc_nano.a(lib_a-findfp.o)
                0x0000000008005134                __sf_fake_stdin
 .rodata.__sf_fake_stdout
                0x0000000008005154       0x20 /opt/gcc-arm-none-eabi-7-2018-q2-update/bin/../lib/gcc/arm-none-eabi/7.3.1/../../../../arm-none-eabi/lib/thumb/v7e-m/fpv4-sp/hard/libc_nano.a(lib_a-findfp.o)
                0x0000000008005154                __sf_fake_stdout
 .rodata._svfprintf_r.str1.1
                0x0000000008005174       0x11 /opt/gcc-arm-none-eabi-7-2018-q2-update/bin/../lib/gcc/arm-none-eabi/7.3.1/../../../../arm-none-eabi/lib/thumb/v7e-m/fpv4-sp/hard/libc_nano.a(lib_a-nano-svfprintf.o)
 .rodata._vfprintf_r.str1.1
                0x0000000008005185       0x11 /opt/gcc-arm-none-eabi-7-2018-q2-update/bin/../lib/gcc/arm-none-eabi/7.3.1/../../../../arm-none-eabi/lib/thumb/v7e-m/fpv4-sp/hard/libc_nano.a(lib_a-nano-vfprintf.o)
 .rodata._printf_i.str1.1
                0x0000000008005185       0x22 /opt/gcc-arm-none-eabi-7-2018-q2-update/bin/../lib/gcc/arm-none-eabi/7.3.1/../../../../arm-none-eabi/lib/thumb/v7e-m/fpv4-sp/hard/libc_nano.a(lib_a-nano-vfprintf_i.o)
                0x00000000080051a8                . = ALIGN (0x8)
 *fill*         0x00000000080051a7        0x1 

.ARM.extab      0x00000000080051a8        0x0
                0x00000000080051a8                . = ALIGN (0x8)
 *(.ARM.extab* .gnu.linkonce.armextab.*)
                0x00000000080051a8                . = ALIGN (0x8)

.ARM            0x00000000080051a8        0x8
                0x00000000080051a8                . = ALIGN (0x8)
                0x00000000080051a8                __exidx_start = .
 *(.ARM.exidx*)
 .ARM.exidx     0x00000000080051a8        0x8 /opt/gcc-arm-none-eabi-7-2018-q2-update/bin/../lib/gcc/arm-none-eabi/7.3.1/thumb/v7e-m/fpv4-sp/hard/libgcc.a(_udivmoddi4.o)
                0x00000000080051b0                __exidx_end = .
                0x00000000080051b0                . = ALIGN (0x8)

.rel.dyn        0x00000000080051b0        0x0
 .rel.iplt      0x00000000080051b0        0x0 /opt/gcc-arm-none-eabi-7-2018-q2-update/bin/../lib/gcc/arm-none-eabi/7.3.1/thumb/v7e-m/fpv4-sp/hard/crtbegin.o

.preinit_array  0x00000000080051b0        0x0
                0x00000000080051b0                . = ALIGN (0x8)
                0x00000000080051b0                PROVIDE (__preinit_array_start = .)
 *(.preinit_array*)
                0x00000000080051b0                PROVIDE (__preinit_array_end = .)
                0x00000000080051b0                . = ALIGN (0x8)

.init_array     0x00000000080051b0        0x8
                0x00000000080051b0                . = ALIGN (0x8)
                0x00000000080051b0                PROVIDE (__init_array_start = .)
 *(SORT_BY_NAME(.init_array.*))
 *(.init_array*)
 .init_array    0x00000000080051b0        0x4 /opt/gcc-arm-none-eabi-7-2018-q2-update/bin/../lib/gcc/arm-none-eabi/7.3.1/thumb/v7e-m/fpv4-sp/hard/crtbegin.o
                0x00000000080051b4                PROVIDE (__init_array_end = .)
                0x00000000080051b8                . = ALIGN (0x8)
 *fill*         0x00000000080051b4        0x4 

.fini_array     0x00000000080051b8        0x8
                0x00000000080051b8                . = ALIGN (0x8)
                [!provide]                        PROVIDE (__fini_array_start = .)
 *(SORT_BY_NAME(.fini_array.*))
 *(.fini_array*)
 .fini_array    0x00000000080051b8        0x4 /opt/gcc-arm-none-eabi-7-2018-q2-update/bin/../lib/gcc/arm-none-eabi/7.3.1/thumb/v7e-m/fpv4-sp/hard/crtbegin.o
                [!provide]                        PROVIDE (__fini_array_end = .)
                0x00000000080051c0                . = ALIGN (0x8)
 *fill*         0x00000000080051bc        0x4 
                0x00000000080051c0                _sidata = LOADADDR (.data)

.data           0x0000000020000000       0xc0 load address 0x00000000080051c0
                0x0000000020000000                . = ALIGN (0x8)
                0x0000000020000000                _sdata = .
 *(.data)
 *(.data*)
 .data.RemoteIP
                0x0000000020000000        0x4 build/main.o
                0x0000000020000000                RemoteIP
 .data.TxData   0x0000000020000004       0x41 build/main.o
                0x0000000020000004                TxData
 *fill*         0x0000000020000045        0x3 
 .data.SystemCoreClock
                0x0000000020000048        0x4 build/system_stm32l4xx.o
                0x0000000020000048                SystemCoreClock
 .data.COM_RX_PORT
                0x000000002000004c        0x4 build/stm32l475e_iot01.o
                0x000000002000004c                COM_RX_PORT
 .data.COM_TX_PORT
                0x0000000020000050        0x4 build/stm32l475e_iot01.o
                0x0000000020000050                COM_TX_PORT
 .data.COM_USART
                0x0000000020000054        0x4 build/stm32l475e_iot01.o
                0x0000000020000054                COM_USART
 .data.GPIO_PORT
                0x0000000020000058        0x4 build/stm32l475e_iot01.o
                0x0000000020000058                GPIO_PORT
 .data._impure_ptr
                0x000000002000005c        0x4 /opt/gcc-arm-none-eabi-7-2018-q2-update/bin/../lib/gcc/arm-none-eabi/7.3.1/../../../../arm-none-eabi/lib/thumb/v7e-m/fpv4-sp/hard/libc_nano.a(lib_a-impure.o)
                0x000000002000005c                _impure_ptr
 .data.impure_data
                0x0000000020000060       0x60 /opt/gcc-arm-none-eabi-7-2018-q2-update/bin/../lib/gcc/arm-none-eabi/7.3.1/../../../../arm-none-eabi/lib/thumb/v7e-m/fpv4-sp/hard/libc_nano.a(lib_a-impure.o)
                0x00000000200000c0                . = ALIGN (0x8)
                0x00000000200000c0                _edata = .

.igot.plt       0x00000000200000c0        0x0 load address 0x0000000008005280
 .igot.plt      0x00000000200000c0        0x0 /opt/gcc-arm-none-eabi-7-2018-q2-update/bin/../lib/gcc/arm-none-eabi/7.3.1/thumb/v7e-m/fpv4-sp/hard/crtbegin.o
                0x00000000200000c0                . = ALIGN (0x4)

.bss            0x00000000200000c0      0x930 load address 0x0000000008005280
                0x00000000200000c0                _sbss = .
                0x00000000200000c0                __bss_start__ = _sbss
 *(.bss)
 .bss           0x00000000200000c0       0x1c /opt/gcc-arm-none-eabi-7-2018-q2-update/bin/../lib/gcc/arm-none-eabi/7.3.1/thumb/v7e-m/fpv4-sp/hard/crtbegin.o
 *(.bss*)
 .bss.__malloc_free_list
                0x00000000200000dc        0x4 /opt/gcc-arm-none-eabi-7-2018-q2-update/bin/../lib/gcc/arm-none-eabi/7.3.1/../../../../arm-none-eabi/lib/thumb/v7e-m/fpv4-sp/hard/libc_nano.a(lib_a-nano-mallocr.o)
                0x00000000200000dc                __malloc_free_list
 .bss.__malloc_sbrk_start
                0x00000000200000e0        0x4 /opt/gcc-arm-none-eabi-7-2018-q2-update/bin/../lib/gcc/arm-none-eabi/7.3.1/../../../../arm-none-eabi/lib/thumb/v7e-m/fpv4-sp/hard/libc_nano.a(lib_a-nano-mallocr.o)
                0x00000000200000e0                __malloc_sbrk_start
 .bss.heap_end.5377
                0x00000000200000e4        0x4 /opt/gcc-arm-none-eabi-7-2018-q2-update/bin/../lib/gcc/arm-none-eabi/7.3.1/../../../../arm-none-eabi/lib/thumb/v7e-m/fpv4-sp/hard/libnosys.a(sbrk.o)
 *(COMMON)
 COMMON         0x00000000200000e8       0x78 build/main.o
                0x00000000200000e8                modulename
                0x00000000200000ec                RxLen
                0x00000000200000f0                MAC_Addr
                0x00000000200000f8                RxData
                0x000000002000015c                IP_Addr
 COMMON         0x0000000020000160        0x4 build/stm32l4xx_hal.o
                0x0000000020000160                uwTick
 COMMON         0x0000000020000164       0x64 build/es_wifi_io.o
                0x0000000020000164                hspi
 COMMON         0x00000000200001c8      0x768 build/wifi.o
                0x00000000200001c8                EsWifiObj
 COMMON         0x0000000020000930       0xbc build/stm32l475e_iot01.o
                0x0000000020000930                hDiscoUart
                0x00000000200009a0                hI2cHandler
 COMMON         0x00000000200009ec        0x4 /opt/gcc-arm-none-eabi-7-2018-q2-update/bin/../lib/gcc/arm-none-eabi/7.3.1/../../../../arm-none-eabi/lib/thumb/v7e-m/fpv4-sp/hard/libc_nano.a(lib_a-reent.o)
                0x00000000200009ec                errno
                0x00000000200009f0                . = ALIGN (0x4)
                0x00000000200009f0                _ebss = .
                0x00000000200009f0                __bss_end__ = _ebss

._user_heap_stack
                0x00000000200009f0      0x600 load address 0x0000000008005280
                0x00000000200009f0                . = ALIGN (0x8)
                0x00000000200009f0                PROVIDE (end = .)
                [!provide]                        PROVIDE (_end = .)
                0x0000000020000bf0                . = (. + _Min_Heap_Size)
 *fill*         0x00000000200009f0      0x200 
                0x0000000020000ff0                . = (. + _Min_Stack_Size)
 *fill*         0x0000000020000bf0      0x400 
                0x0000000020000ff0                . = ALIGN (0x8)

/DISCARD/
 libc.a(*)
 libm.a(*)
 libgcc.a(*)

.ARM.attributes
                0x0000000000000000       0x30
 *(.ARM.attributes)
 .ARM.attributes
                0x0000000000000000       0x22 /opt/gcc-arm-none-eabi-7-2018-q2-update/bin/../lib/gcc/arm-none-eabi/7.3.1/thumb/v7e-m/fpv4-sp/hard/crti.o
 .ARM.attributes
                0x0000000000000022       0x34 /opt/gcc-arm-none-eabi-7-2018-q2-update/bin/../lib/gcc/arm-none-eabi/7.3.1/thumb/v7e-m/fpv4-sp/hard/crtbegin.o
 .ARM.attributes
                0x0000000000000056       0x39 build/main.o
 .ARM.attributes
                0x000000000000008f       0x39 build/stm32l4xx_it.o
 .ARM.attributes
                0x00000000000000c8       0x39 build/stm32l4xx_hal_msp.o
 .ARM.attributes
                0x0000000000000101       0x39 build/stm32l4xx_hal.o
 .ARM.attributes
                0x000000000000013a       0x39 build/stm32l4xx_hal_rcc.o
 .ARM.attributes
                0x0000000000000173       0x39 build/stm32l4xx_hal_gpio.o
 .ARM.attributes
                0x00000000000001ac       0x39 build/stm32l4xx_hal_pwr_ex.o
 .ARM.attributes
                0x00000000000001e5       0x39 build/stm32l4xx_hal_cortex.o
 .ARM.attributes
                0x000000000000021e       0x39 build/stm32l4xx_hal_spi.o
 .ARM.attributes
                0x0000000000000257       0x39 build/stm32l4xx_hal_spi_ex.o
 .ARM.attributes
                0x0000000000000290       0x39 build/stm32l4xx_hal_uart.o
 .ARM.attributes
                0x00000000000002c9       0x39 build/system_stm32l4xx.o
 .ARM.attributes
                0x0000000000000302       0x39 build/es_wifi.o
 .ARM.attributes
                0x000000000000033b       0x39 build/es_wifi_io.o
 .ARM.attributes
                0x0000000000000374       0x39 build/wifi.o
 .ARM.attributes
                0x00000000000003ad       0x39 build/stm32l475e_iot01.o
 .ARM.attributes
                0x00000000000003e6       0x21 build/startup_stm32l475xx.o
 .ARM.attributes
                0x0000000000000407       0x34 /opt/gcc-arm-none-eabi-7-2018-q2-update/bin/../lib/gcc/arm-none-eabi/7.3.1/../../../../arm-none-eabi/lib/thumb/v7e-m/fpv4-sp/hard/libc_nano.a(lib_a-impure.o)
 .ARM.attributes
                0x000000000000043b       0x34 /opt/gcc-arm-none-eabi-7-2018-q2-update/bin/../lib/gcc/arm-none-eabi/7.3.1/../../../../arm-none-eabi/lib/thumb/v7e-m/fpv4-sp/hard/libc_nano.a(lib_a-init.o)
 .ARM.attributes
                0x000000000000046f       0x34 /opt/gcc-arm-none-eabi-7-2018-q2-update/bin/../lib/gcc/arm-none-eabi/7.3.1/../../../../arm-none-eabi/lib/thumb/v7e-m/fpv4-sp/hard/libc_nano.a(lib_a-memcpy-stub.o)
 .ARM.attributes
                0x00000000000004a3       0x34 /opt/gcc-arm-none-eabi-7-2018-q2-update/bin/../lib/gcc/arm-none-eabi/7.3.1/../../../../arm-none-eabi/lib/thumb/v7e-m/fpv4-sp/hard/libc_nano.a(lib_a-memset.o)
 .ARM.attributes
                0x00000000000004d7       0x34 /opt/gcc-arm-none-eabi-7-2018-q2-update/bin/../lib/gcc/arm-none-eabi/7.3.1/../../../../arm-none-eabi/lib/thumb/v7e-m/fpv4-sp/hard/libc_nano.a(lib_a-printf.o)
 .ARM.attributes
                0x000000000000050b       0x34 /opt/gcc-arm-none-eabi-7-2018-q2-update/bin/../lib/gcc/arm-none-eabi/7.3.1/../../../../arm-none-eabi/lib/thumb/v7e-m/fpv4-sp/hard/libc_nano.a(lib_a-puts.o)
 .ARM.attributes
                0x000000000000053f       0x34 /opt/gcc-arm-none-eabi-7-2018-q2-update/bin/../lib/gcc/arm-none-eabi/7.3.1/../../../../arm-none-eabi/lib/thumb/v7e-m/fpv4-sp/hard/libc_nano.a(lib_a-sprintf.o)
 .ARM.attributes
                0x0000000000000573       0x1b /opt/gcc-arm-none-eabi-7-2018-q2-update/bin/../lib/gcc/arm-none-eabi/7.3.1/../../../../arm-none-eabi/lib/thumb/v7e-m/fpv4-sp/hard/libc_nano.a(lib_a-strlen.o)
 .ARM.attributes
                0x000000000000058e       0x34 /opt/gcc-arm-none-eabi-7-2018-q2-update/bin/../lib/gcc/arm-none-eabi/7.3.1/../../../../arm-none-eabi/lib/thumb/v7e-m/fpv4-sp/hard/libc_nano.a(lib_a-strncpy.o)
 .ARM.attributes
                0x00000000000005c2       0x34 /opt/gcc-arm-none-eabi-7-2018-q2-update/bin/../lib/gcc/arm-none-eabi/7.3.1/../../../../arm-none-eabi/lib/thumb/v7e-m/fpv4-sp/hard/libc_nano.a(lib_a-strstr.o)
 .ARM.attributes
                0x00000000000005f6       0x34 /opt/gcc-arm-none-eabi-7-2018-q2-update/bin/../lib/gcc/arm-none-eabi/7.3.1/../../../../arm-none-eabi/lib/thumb/v7e-m/fpv4-sp/hard/libc_nano.a(lib_a-strtok.o)
 .ARM.attributes
                0x000000000000062a       0x34 /opt/gcc-arm-none-eabi-7-2018-q2-update/bin/../lib/gcc/arm-none-eabi/7.3.1/../../../../arm-none-eabi/lib/thumb/v7e-m/fpv4-sp/hard/libc_nano.a(lib_a-strtok_r.o)
 .ARM.attributes
                0x000000000000065e       0x34 /opt/gcc-arm-none-eabi-7-2018-q2-update/bin/../lib/gcc/arm-none-eabi/7.3.1/../../../../arm-none-eabi/lib/thumb/v7e-m/fpv4-sp/hard/libc_nano.a(lib_a-wbuf.o)
 .ARM.attributes
                0x0000000000000692       0x34 /opt/gcc-arm-none-eabi-7-2018-q2-update/bin/../lib/gcc/arm-none-eabi/7.3.1/../../../../arm-none-eabi/lib/thumb/v7e-m/fpv4-sp/hard/libc_nano.a(lib_a-wsetup.o)
 .ARM.attributes
                0x00000000000006c6       0x34 /opt/gcc-arm-none-eabi-7-2018-q2-update/bin/../lib/gcc/arm-none-eabi/7.3.1/../../../../arm-none-eabi/lib/thumb/v7e-m/fpv4-sp/hard/libc_nano.a(lib_a-fflush.o)
 .ARM.attributes
                0x00000000000006fa       0x34 /opt/gcc-arm-none-eabi-7-2018-q2-update/bin/../lib/gcc/arm-none-eabi/7.3.1/../../../../arm-none-eabi/lib/thumb/v7e-m/fpv4-sp/hard/libc_nano.a(lib_a-findfp.o)
 .ARM.attributes
                0x000000000000072e       0x34 /opt/gcc-arm-none-eabi-7-2018-q2-update/bin/../lib/gcc/arm-none-eabi/7.3.1/../../../../arm-none-eabi/lib/thumb/v7e-m/fpv4-sp/hard/libc_nano.a(lib_a-fwalk.o)
 .ARM.attributes
                0x0000000000000762       0x34 /opt/gcc-arm-none-eabi-7-2018-q2-update/bin/../lib/gcc/arm-none-eabi/7.3.1/../../../../arm-none-eabi/lib/thumb/v7e-m/fpv4-sp/hard/libc_nano.a(lib_a-makebuf.o)
 .ARM.attributes
                0x0000000000000796       0x34 /opt/gcc-arm-none-eabi-7-2018-q2-update/bin/../lib/gcc/arm-none-eabi/7.3.1/../../../../arm-none-eabi/lib/thumb/v7e-m/fpv4-sp/hard/libc_nano.a(lib_a-malloc.o)
 .ARM.attributes
                0x00000000000007ca       0x34 /opt/gcc-arm-none-eabi-7-2018-q2-update/bin/../lib/gcc/arm-none-eabi/7.3.1/../../../../arm-none-eabi/lib/thumb/v7e-m/fpv4-sp/hard/libc_nano.a(lib_a-nano-freer.o)
 .ARM.attributes
                0x00000000000007fe       0x34 /opt/gcc-arm-none-eabi-7-2018-q2-update/bin/../lib/gcc/arm-none-eabi/7.3.1/../../../../arm-none-eabi/lib/thumb/v7e-m/fpv4-sp/hard/libc_nano.a(lib_a-nano-mallocr.o)
 .ARM.attributes
                0x0000000000000832       0x34 /opt/gcc-arm-none-eabi-7-2018-q2-update/bin/../lib/gcc/arm-none-eabi/7.3.1/../../../../arm-none-eabi/lib/thumb/v7e-m/fpv4-sp/hard/libc_nano.a(lib_a-nano-svfprintf.o)
 .ARM.attributes
                0x0000000000000866       0x34 /opt/gcc-arm-none-eabi-7-2018-q2-update/bin/../lib/gcc/arm-none-eabi/7.3.1/../../../../arm-none-eabi/lib/thumb/v7e-m/fpv4-sp/hard/libc_nano.a(lib_a-nano-vfprintf.o)
 .ARM.attributes
                0x000000000000089a       0x34 /opt/gcc-arm-none-eabi-7-2018-q2-update/bin/../lib/gcc/arm-none-eabi/7.3.1/../../../../arm-none-eabi/lib/thumb/v7e-m/fpv4-sp/hard/libc_nano.a(lib_a-nano-vfprintf_i.o)
 .ARM.attributes
                0x00000000000008ce       0x34 /opt/gcc-arm-none-eabi-7-2018-q2-update/bin/../lib/gcc/arm-none-eabi/7.3.1/../../../../arm-none-eabi/lib/thumb/v7e-m/fpv4-sp/hard/libc_nano.a(lib_a-sbrkr.o)
 .ARM.attributes
                0x0000000000000902       0x34 /opt/gcc-arm-none-eabi-7-2018-q2-update/bin/../lib/gcc/arm-none-eabi/7.3.1/../../../../arm-none-eabi/lib/thumb/v7e-m/fpv4-sp/hard/libc_nano.a(lib_a-stdio.o)
 .ARM.attributes
                0x0000000000000936       0x34 /opt/gcc-arm-none-eabi-7-2018-q2-update/bin/../lib/gcc/arm-none-eabi/7.3.1/../../../../arm-none-eabi/lib/thumb/v7e-m/fpv4-sp/hard/libc_nano.a(lib_a-writer.o)
 .ARM.attributes
                0x000000000000096a       0x34 /opt/gcc-arm-none-eabi-7-2018-q2-update/bin/../lib/gcc/arm-none-eabi/7.3.1/../../../../arm-none-eabi/lib/thumb/v7e-m/fpv4-sp/hard/libc_nano.a(lib_a-closer.o)
 .ARM.attributes
                0x000000000000099e       0x34 /opt/gcc-arm-none-eabi-7-2018-q2-update/bin/../lib/gcc/arm-none-eabi/7.3.1/../../../../arm-none-eabi/lib/thumb/v7e-m/fpv4-sp/hard/libc_nano.a(lib_a-fstatr.o)
 .ARM.attributes
                0x00000000000009d2       0x34 /opt/gcc-arm-none-eabi-7-2018-q2-update/bin/../lib/gcc/arm-none-eabi/7.3.1/../../../../arm-none-eabi/lib/thumb/v7e-m/fpv4-sp/hard/libc_nano.a(lib_a-isattyr.o)
 .ARM.attributes
                0x0000000000000a06       0x34 /opt/gcc-arm-none-eabi-7-2018-q2-update/bin/../lib/gcc/arm-none-eabi/7.3.1/../../../../arm-none-eabi/lib/thumb/v7e-m/fpv4-sp/hard/libc_nano.a(lib_a-lseekr.o)
 .ARM.attributes
                0x0000000000000a3a       0x20 /opt/gcc-arm-none-eabi-7-2018-q2-update/bin/../lib/gcc/arm-none-eabi/7.3.1/../../../../arm-none-eabi/lib/thumb/v7e-m/fpv4-sp/hard/libc_nano.a(lib_a-memchr.o)
 .ARM.attributes
                0x0000000000000a5a       0x34 /opt/gcc-arm-none-eabi-7-2018-q2-update/bin/../lib/gcc/arm-none-eabi/7.3.1/../../../../arm-none-eabi/lib/thumb/v7e-m/fpv4-sp/hard/libc_nano.a(lib_a-memmove.o)
 .ARM.attributes
                0x0000000000000a8e       0x34 /opt/gcc-arm-none-eabi-7-2018-q2-update/bin/../lib/gcc/arm-none-eabi/7.3.1/../../../../arm-none-eabi/lib/thumb/v7e-m/fpv4-sp/hard/libc_nano.a(lib_a-mlock.o)
 .ARM.attributes
                0x0000000000000ac2       0x34 /opt/gcc-arm-none-eabi-7-2018-q2-update/bin/../lib/gcc/arm-none-eabi/7.3.1/../../../../arm-none-eabi/lib/thumb/v7e-m/fpv4-sp/hard/libc_nano.a(lib_a-nano-reallocr.o)
 .ARM.attributes
                0x0000000000000af6       0x34 /opt/gcc-arm-none-eabi-7-2018-q2-update/bin/../lib/gcc/arm-none-eabi/7.3.1/../../../../arm-none-eabi/lib/thumb/v7e-m/fpv4-sp/hard/libc_nano.a(lib_a-readr.o)
 .ARM.attributes
                0x0000000000000b2a       0x34 /opt/gcc-arm-none-eabi-7-2018-q2-update/bin/../lib/gcc/arm-none-eabi/7.3.1/../../../../arm-none-eabi/lib/thumb/v7e-m/fpv4-sp/hard/libc_nano.a(lib_a-reent.o)
 .ARM.attributes
                0x0000000000000b5e       0x34 /opt/gcc-arm-none-eabi-7-2018-q2-update/bin/../lib/gcc/arm-none-eabi/7.3.1/../../../../arm-none-eabi/lib/thumb/v7e-m/fpv4-sp/hard/libc_nano.a(lib_a-nano-msizer.o)
 .ARM.attributes
                0x0000000000000b92       0x34 /opt/gcc-arm-none-eabi-7-2018-q2-update/bin/../lib/gcc/arm-none-eabi/7.3.1/../../../../arm-none-eabi/lib/thumb/v7e-m/fpv4-sp/hard/libnosys.a(close.o)
 .ARM.attributes
                0x0000000000000bc6       0x34 /opt/gcc-arm-none-eabi-7-2018-q2-update/bin/../lib/gcc/arm-none-eabi/7.3.1/../../../../arm-none-eabi/lib/thumb/v7e-m/fpv4-sp/hard/libnosys.a(fstat.o)
 .ARM.attributes
                0x0000000000000bfa       0x34 /opt/gcc-arm-none-eabi-7-2018-q2-update/bin/../lib/gcc/arm-none-eabi/7.3.1/../../../../arm-none-eabi/lib/thumb/v7e-m/fpv4-sp/hard/libnosys.a(isatty.o)
 .ARM.attributes
                0x0000000000000c2e       0x34 /opt/gcc-arm-none-eabi-7-2018-q2-update/bin/../lib/gcc/arm-none-eabi/7.3.1/../../../../arm-none-eabi/lib/thumb/v7e-m/fpv4-sp/hard/libnosys.a(lseek.o)
 .ARM.attributes
                0x0000000000000c62       0x34 /opt/gcc-arm-none-eabi-7-2018-q2-update/bin/../lib/gcc/arm-none-eabi/7.3.1/../../../../arm-none-eabi/lib/thumb/v7e-m/fpv4-sp/hard/libnosys.a(read.o)
 .ARM.attributes
                0x0000000000000c96       0x34 /opt/gcc-arm-none-eabi-7-2018-q2-update/bin/../lib/gcc/arm-none-eabi/7.3.1/../../../../arm-none-eabi/lib/thumb/v7e-m/fpv4-sp/hard/libnosys.a(sbrk.o)
 .ARM.attributes
                0x0000000000000cca       0x34 /opt/gcc-arm-none-eabi-7-2018-q2-update/bin/../lib/gcc/arm-none-eabi/7.3.1/../../../../arm-none-eabi/lib/thumb/v7e-m/fpv4-sp/hard/libnosys.a(write.o)
 .ARM.attributes
                0x0000000000000cfe       0x22 /opt/gcc-arm-none-eabi-7-2018-q2-update/bin/../lib/gcc/arm-none-eabi/7.3.1/thumb/v7e-m/fpv4-sp/hard/libgcc.a(_aeabi_uldivmod.o)
 .ARM.attributes
                0x0000000000000d20       0x34 /opt/gcc-arm-none-eabi-7-2018-q2-update/bin/../lib/gcc/arm-none-eabi/7.3.1/thumb/v7e-m/fpv4-sp/hard/libgcc.a(_udivmoddi4.o)
 .ARM.attributes
                0x0000000000000d54       0x22 /opt/gcc-arm-none-eabi-7-2018-q2-update/bin/../lib/gcc/arm-none-eabi/7.3.1/thumb/v7e-m/fpv4-sp/hard/libgcc.a(_dvmd_tls.o)
 .ARM.attributes
                0x0000000000000d76       0x22 /opt/gcc-arm-none-eabi-7-2018-q2-update/bin/../lib/gcc/arm-none-eabi/7.3.1/thumb/v7e-m/fpv4-sp/hard/crtn.o
OUTPUT(build/B-L475E-IOT01A1.elf elf32-littlearm)

.debug_info     0x0000000000000000    0x1bd96
 .debug_info    0x0000000000000000     0x189e build/main.o
 .debug_info    0x000000000000189e      0xb25 build/stm32l4xx_it.o
 .debug_info    0x00000000000023c3     0x1e6d build/stm32l4xx_hal_msp.o
 .debug_info    0x0000000000004230     0x14fc build/stm32l4xx_hal.o
 .debug_info    0x000000000000572c     0x17c7 build/stm32l4xx_hal_rcc.o
 .debug_info    0x0000000000006ef3     0x1236 build/stm32l4xx_hal_gpio.o
 .debug_info    0x0000000000008129     0x14c6 build/stm32l4xx_hal_pwr_ex.o
 .debug_info    0x00000000000095ef     0x18b6 build/stm32l4xx_hal_cortex.o
 .debug_info    0x000000000000aea5     0x2b7c build/stm32l4xx_hal_spi.o
 .debug_info    0x000000000000da21     0x100b build/stm32l4xx_hal_spi_ex.o
 .debug_info    0x000000000000ea2c     0x2656 build/stm32l4xx_hal_uart.o
 .debug_info    0x0000000000011082      0xf52 build/system_stm32l4xx.o
 .debug_info    0x0000000000011fd4     0x383a build/es_wifi.o
 .debug_info    0x000000000001580e     0x1c19 build/es_wifi_io.o
 .debug_info    0x0000000000017427     0x1de1 build/wifi.o
 .debug_info    0x0000000000019208     0x2b6c build/stm32l475e_iot01.o
 .debug_info    0x000000000001bd74       0x22 build/startup_stm32l475xx.o

.debug_abbrev   0x0000000000000000     0x2dc5
 .debug_abbrev  0x0000000000000000      0x2a8 build/main.o
 .debug_abbrev  0x00000000000002a8      0x1c9 build/stm32l4xx_it.o
 .debug_abbrev  0x0000000000000471      0x277 build/stm32l4xx_hal_msp.o
 .debug_abbrev  0x00000000000006e8      0x2ea build/stm32l4xx_hal.o
 .debug_abbrev  0x00000000000009d2      0x322 build/stm32l4xx_hal_rcc.o
 .debug_abbrev  0x0000000000000cf4      0x2be build/stm32l4xx_hal_gpio.o
 .debug_abbrev  0x0000000000000fb2      0x302 build/stm32l4xx_hal_pwr_ex.o
 .debug_abbrev  0x00000000000012b4      0x3c0 build/stm32l4xx_hal_cortex.o
 .debug_abbrev  0x0000000000001674      0x2f9 build/stm32l4xx_hal_spi.o
 .debug_abbrev  0x000000000000196d      0x1ec build/stm32l4xx_hal_spi_ex.o
 .debug_abbrev  0x0000000000001b59      0x361 build/stm32l4xx_hal_uart.o
 .debug_abbrev  0x0000000000001eba      0x209 build/system_stm32l4xx.o
 .debug_abbrev  0x00000000000020c3      0x3ae build/es_wifi.o
 .debug_abbrev  0x0000000000002471      0x2f6 build/es_wifi_io.o
 .debug_abbrev  0x0000000000002767      0x312 build/wifi.o
 .debug_abbrev  0x0000000000002a79      0x33a build/stm32l475e_iot01.o
 .debug_abbrev  0x0000000000002db3       0x12 build/startup_stm32l475xx.o

.debug_loc      0x0000000000000000     0xa6ed
 .debug_loc     0x0000000000000000      0x165 build/main.o
 .debug_loc     0x0000000000000165       0x20 build/stm32l4xx_it.o
 .debug_loc     0x0000000000000185      0x15c build/stm32l4xx_hal_msp.o
 .debug_loc     0x00000000000002e1      0x198 build/stm32l4xx_hal.o
 .debug_loc     0x0000000000000479      0x70a build/stm32l4xx_hal_rcc.o
 .debug_loc     0x0000000000000b83      0x46d build/stm32l4xx_hal_gpio.o
 .debug_loc     0x0000000000000ff0      0x909 build/stm32l4xx_hal_pwr_ex.o
 .debug_loc     0x00000000000018f9      0x63d build/stm32l4xx_hal_cortex.o
 .debug_loc     0x0000000000001f36     0x25fc build/stm32l4xx_hal_spi.o
 .debug_loc     0x0000000000004532       0xc1 build/stm32l4xx_hal_spi_ex.o
 .debug_loc     0x00000000000045f3     0x1c3d build/stm32l4xx_hal_uart.o
 .debug_loc     0x0000000000006230      0x1b8 build/system_stm32l4xx.o
 .debug_loc     0x00000000000063e8     0x21fe build/es_wifi.o
 .debug_loc     0x00000000000085e6      0x339 build/es_wifi_io.o
 .debug_loc     0x000000000000891f      0xee3 build/wifi.o
 .debug_loc     0x0000000000009802      0xeeb build/stm32l475e_iot01.o

.debug_aranges  0x0000000000000000      0xcf8
 .debug_aranges
                0x0000000000000000       0x30 build/main.o
 .debug_aranges
                0x0000000000000030       0x60 build/stm32l4xx_it.o
 .debug_aranges
                0x0000000000000090       0x58 build/stm32l4xx_hal_msp.o
 .debug_aranges
                0x00000000000000e8      0x118 build/stm32l4xx_hal.o
 .debug_aranges
                0x0000000000000200       0x88 build/stm32l4xx_hal_rcc.o
 .debug_aranges
                0x0000000000000288       0x58 build/stm32l4xx_hal_gpio.o
 .debug_aranges
                0x00000000000002e0      0x148 build/stm32l4xx_hal_pwr_ex.o
 .debug_aranges
                0x0000000000000428       0x98 build/stm32l4xx_hal_cortex.o
 .debug_aranges
                0x00000000000004c0      0x1f8 build/stm32l4xx_hal_spi.o
 .debug_aranges
                0x00000000000006b8       0x20 build/stm32l4xx_hal_spi_ex.o
 .debug_aranges
                0x00000000000006d8      0x1e8 build/stm32l4xx_hal_uart.o
 .debug_aranges
                0x00000000000008c0       0x28 build/system_stm32l4xx.o
 .debug_aranges
                0x00000000000008e8      0x198 build/es_wifi.o
 .debug_aranges
                0x0000000000000a80       0x48 build/es_wifi_io.o
 .debug_aranges
                0x0000000000000ac8       0xd8 build/wifi.o
 .debug_aranges
                0x0000000000000ba0      0x130 build/stm32l475e_iot01.o
 .debug_aranges
                0x0000000000000cd0       0x28 build/startup_stm32l475xx.o

.debug_ranges   0x0000000000000000      0xca0
 .debug_ranges  0x0000000000000000       0x20 build/main.o
 .debug_ranges  0x0000000000000020       0x50 build/stm32l4xx_it.o
 .debug_ranges  0x0000000000000070       0x48 build/stm32l4xx_hal_msp.o
 .debug_ranges  0x00000000000000b8      0x108 build/stm32l4xx_hal.o
 .debug_ranges  0x00000000000001c0       0x90 build/stm32l4xx_hal_rcc.o
 .debug_ranges  0x0000000000000250       0x48 build/stm32l4xx_hal_gpio.o
 .debug_ranges  0x0000000000000298      0x138 build/stm32l4xx_hal_pwr_ex.o
 .debug_ranges  0x00000000000003d0       0xe8 build/stm32l4xx_hal_cortex.o
 .debug_ranges  0x00000000000004b8      0x1e8 build/stm32l4xx_hal_spi.o
 .debug_ranges  0x00000000000006a0       0x10 build/stm32l4xx_hal_spi_ex.o
 .debug_ranges  0x00000000000006b0      0x1d8 build/stm32l4xx_hal_uart.o
 .debug_ranges  0x0000000000000888       0x18 build/system_stm32l4xx.o
 .debug_ranges  0x00000000000008a0      0x1c0 build/es_wifi.o
 .debug_ranges  0x0000000000000a60       0x38 build/es_wifi_io.o
 .debug_ranges  0x0000000000000a98       0xc8 build/wifi.o
 .debug_ranges  0x0000000000000b60      0x120 build/stm32l475e_iot01.o
 .debug_ranges  0x0000000000000c80       0x20 build/startup_stm32l475xx.o

.debug_line     0x0000000000000000     0x5a70
 .debug_line    0x0000000000000000      0x393 build/main.o
 .debug_line    0x0000000000000393      0x283 build/stm32l4xx_it.o
 .debug_line    0x0000000000000616      0x36c build/stm32l4xx_hal_msp.o
 .debug_line    0x0000000000000982      0x4a0 build/stm32l4xx_hal.o
 .debug_line    0x0000000000000e22      0x5e5 build/stm32l4xx_hal_rcc.o
 .debug_line    0x0000000000001407      0x3c6 build/stm32l4xx_hal_gpio.o
 .debug_line    0x00000000000017cd      0x6f6 build/stm32l4xx_hal_pwr_ex.o
 .debug_line    0x0000000000001ec3      0x441 build/stm32l4xx_hal_cortex.o
 .debug_line    0x0000000000002304      0xeee build/stm32l4xx_hal_spi.o
 .debug_line    0x00000000000031f2      0x271 build/stm32l4xx_hal_spi_ex.o
 .debug_line    0x0000000000003463      0xdb7 build/stm32l4xx_hal_uart.o
 .debug_line    0x000000000000421a      0x233 build/system_stm32l4xx.o
 .debug_line    0x000000000000444d      0x7af build/es_wifi.o
 .debug_line    0x0000000000004bfc      0x3a7 build/es_wifi_io.o
 .debug_line    0x0000000000004fa3      0x474 build/wifi.o
 .debug_line    0x0000000000005417      0x5e6 build/stm32l475e_iot01.o
 .debug_line    0x00000000000059fd       0x73 build/startup_stm32l475xx.o

.debug_str      0x0000000000000000     0x482e
 .debug_str     0x0000000000000000      0xd4d build/main.o
                                        0xe76 (size before relaxing)
 .debug_str     0x0000000000000d4d       0xaf build/stm32l4xx_it.o
                                        0x6a8 (size before relaxing)
 .debug_str     0x0000000000000dfc      0x891 build/stm32l4xx_hal_msp.o
                                       0x138b (size before relaxing)
 .debug_str     0x000000000000168d      0x8b1 build/stm32l4xx_hal.o
                                       0x1091 (size before relaxing)
 .debug_str     0x0000000000001f3e      0x2af build/stm32l4xx_hal_rcc.o
                                        0xc6a (size before relaxing)
 .debug_str     0x00000000000021ed      0x14a build/stm32l4xx_hal_gpio.o
                                        0x9b0 (size before relaxing)
 .debug_str     0x0000000000002337      0x4fc build/stm32l4xx_hal_pwr_ex.o
                                        0xc40 (size before relaxing)
 .debug_str     0x0000000000002833      0x32f build/stm32l4xx_hal_cortex.o
                                       0x1015 (size before relaxing)
 .debug_str     0x0000000000002b62      0x5b5 build/stm32l4xx_hal_spi.o
                                       0x1040 (size before relaxing)
 .debug_str     0x0000000000003117       0x4e build/stm32l4xx_hal_spi_ex.o
                                        0xa81 (size before relaxing)
 .debug_str     0x0000000000003165      0x6b5 build/stm32l4xx_hal_uart.o
                                       0x13c4 (size before relaxing)
 .debug_str     0x000000000000381a       0x38 build/system_stm32l4xx.o
                                        0x7f8 (size before relaxing)
 .debug_str     0x0000000000003852      0x930 build/es_wifi.o
                                        0xfc4 (size before relaxing)
 .debug_str     0x0000000000004182       0x9e build/es_wifi_io.o
                                        0xd68 (size before relaxing)
 .debug_str     0x0000000000004220      0x1b5 build/wifi.o
                                       0x1070 (size before relaxing)
 .debug_str     0x00000000000043d5      0x435 build/stm32l475e_iot01.o
                                       0x196f (size before relaxing)
 .debug_str     0x000000000000480a       0x24 build/startup_stm32l475xx.o
                                         0x74 (size before relaxing)

.comment        0x0000000000000000       0x7f
 .comment       0x0000000000000000       0x7f build/main.o
                                         0x80 (size before relaxing)
 .comment       0x000000000000007f       0x80 build/stm32l4xx_it.o
 .comment       0x000000000000007f       0x80 build/stm32l4xx_hal_msp.o
 .comment       0x000000000000007f       0x80 build/stm32l4xx_hal.o
 .comment       0x000000000000007f       0x80 build/stm32l4xx_hal_rcc.o
 .comment       0x000000000000007f       0x80 build/stm32l4xx_hal_gpio.o
 .comment       0x000000000000007f       0x80 build/stm32l4xx_hal_pwr_ex.o
 .comment       0x000000000000007f       0x80 build/stm32l4xx_hal_cortex.o
 .comment       0x000000000000007f       0x80 build/stm32l4xx_hal_spi.o
 .comment       0x000000000000007f       0x80 build/stm32l4xx_hal_spi_ex.o
 .comment       0x000000000000007f       0x80 build/stm32l4xx_hal_uart.o
 .comment       0x000000000000007f       0x80 build/system_stm32l4xx.o
 .comment       0x000000000000007f       0x80 build/es_wifi.o
 .comment       0x000000000000007f       0x80 build/es_wifi_io.o
 .comment       0x000000000000007f       0x80 build/wifi.o
 .comment       0x000000000000007f       0x80 build/stm32l475e_iot01.o

.debug_frame    0x0000000000000000     0x3174
 .debug_frame   0x0000000000000000       0x68 build/main.o
 .debug_frame   0x0000000000000068       0xac build/stm32l4xx_it.o
 .debug_frame   0x0000000000000114       0xc4 build/stm32l4xx_hal_msp.o
 .debug_frame   0x00000000000001d8      0x250 build/stm32l4xx_hal.o
 .debug_frame   0x0000000000000428      0x170 build/stm32l4xx_hal_rcc.o
 .debug_frame   0x0000000000000598       0xec build/stm32l4xx_hal_gpio.o
 .debug_frame   0x0000000000000684      0x27c build/stm32l4xx_hal_pwr_ex.o
 .debug_frame   0x0000000000000900      0x14c build/stm32l4xx_hal_cortex.o
 .debug_frame   0x0000000000000a4c      0x6fc build/stm32l4xx_hal_spi.o
 .debug_frame   0x0000000000001148       0x30 build/stm32l4xx_hal_spi_ex.o
 .debug_frame   0x0000000000001178      0x5ec build/stm32l4xx_hal_uart.o
 .debug_frame   0x0000000000001764       0x30 build/system_stm32l4xx.o
 .debug_frame   0x0000000000001794      0x66c build/es_wifi.o
 .debug_frame   0x0000000000001e00       0xfc build/es_wifi_io.o
 .debug_frame   0x0000000000001efc      0x2e4 build/wifi.o
 .debug_frame   0x00000000000021e0      0x458 build/stm32l475e_iot01.o
 .debug_frame   0x0000000000002638       0x2c /opt/gcc-arm-none-eabi-7-2018-q2-update/bin/../lib/gcc/arm-none-eabi/7.3.1/../../../../arm-none-eabi/lib/thumb/v7e-m/fpv4-sp/hard/libc_nano.a(lib_a-init.o)
 .debug_frame   0x0000000000002664       0x28 /opt/gcc-arm-none-eabi-7-2018-q2-update/bin/../lib/gcc/arm-none-eabi/7.3.1/../../../../arm-none-eabi/lib/thumb/v7e-m/fpv4-sp/hard/libc_nano.a(lib_a-memcpy-stub.o)
 .debug_frame   0x000000000000268c       0x20 /opt/gcc-arm-none-eabi-7-2018-q2-update/bin/../lib/gcc/arm-none-eabi/7.3.1/../../../../arm-none-eabi/lib/thumb/v7e-m/fpv4-sp/hard/libc_nano.a(lib_a-memset.o)
 .debug_frame   0x00000000000026ac       0x74 /opt/gcc-arm-none-eabi-7-2018-q2-update/bin/../lib/gcc/arm-none-eabi/7.3.1/../../../../arm-none-eabi/lib/thumb/v7e-m/fpv4-sp/hard/libc_nano.a(lib_a-printf.o)
 .debug_frame   0x0000000000002720       0x3c /opt/gcc-arm-none-eabi-7-2018-q2-update/bin/../lib/gcc/arm-none-eabi/7.3.1/../../../../arm-none-eabi/lib/thumb/v7e-m/fpv4-sp/hard/libc_nano.a(lib_a-puts.o)
 .debug_frame   0x000000000000275c       0x6c /opt/gcc-arm-none-eabi-7-2018-q2-update/bin/../lib/gcc/arm-none-eabi/7.3.1/../../../../arm-none-eabi/lib/thumb/v7e-m/fpv4-sp/hard/libc_nano.a(lib_a-sprintf.o)
 .debug_frame   0x00000000000027c8       0x2c /opt/gcc-arm-none-eabi-7-2018-q2-update/bin/../lib/gcc/arm-none-eabi/7.3.1/../../../../arm-none-eabi/lib/thumb/v7e-m/fpv4-sp/hard/libc_nano.a(lib_a-strncpy.o)
 .debug_frame   0x00000000000027f4       0x30 /opt/gcc-arm-none-eabi-7-2018-q2-update/bin/../lib/gcc/arm-none-eabi/7.3.1/../../../../arm-none-eabi/lib/thumb/v7e-m/fpv4-sp/hard/libc_nano.a(lib_a-strstr.o)
 .debug_frame   0x0000000000002824       0x38 /opt/gcc-arm-none-eabi-7-2018-q2-update/bin/../lib/gcc/arm-none-eabi/7.3.1/../../../../arm-none-eabi/lib/thumb/v7e-m/fpv4-sp/hard/libc_nano.a(lib_a-strtok.o)
 .debug_frame   0x000000000000285c       0x40 /opt/gcc-arm-none-eabi-7-2018-q2-update/bin/../lib/gcc/arm-none-eabi/7.3.1/../../../../arm-none-eabi/lib/thumb/v7e-m/fpv4-sp/hard/libc_nano.a(lib_a-strtok_r.o)
 .debug_frame   0x000000000000289c       0x40 /opt/gcc-arm-none-eabi-7-2018-q2-update/bin/../lib/gcc/arm-none-eabi/7.3.1/../../../../arm-none-eabi/lib/thumb/v7e-m/fpv4-sp/hard/libc_nano.a(lib_a-wbuf.o)
 .debug_frame   0x00000000000028dc       0x2c /opt/gcc-arm-none-eabi-7-2018-q2-update/bin/../lib/gcc/arm-none-eabi/7.3.1/../../../../arm-none-eabi/lib/thumb/v7e-m/fpv4-sp/hard/libc_nano.a(lib_a-wsetup.o)
 .debug_frame   0x0000000000002908       0x68 /opt/gcc-arm-none-eabi-7-2018-q2-update/bin/../lib/gcc/arm-none-eabi/7.3.1/../../../../arm-none-eabi/lib/thumb/v7e-m/fpv4-sp/hard/libc_nano.a(lib_a-fflush.o)
 .debug_frame   0x0000000000002970      0x11c /opt/gcc-arm-none-eabi-7-2018-q2-update/bin/../lib/gcc/arm-none-eabi/7.3.1/../../../../arm-none-eabi/lib/thumb/v7e-m/fpv4-sp/hard/libc_nano.a(lib_a-findfp.o)
 .debug_frame   0x0000000000002a8c       0x54 /opt/gcc-arm-none-eabi-7-2018-q2-update/bin/../lib/gcc/arm-none-eabi/7.3.1/../../../../arm-none-eabi/lib/thumb/v7e-m/fpv4-sp/hard/libc_nano.a(lib_a-fwalk.o)
 .debug_frame   0x0000000000002ae0       0x58 /opt/gcc-arm-none-eabi-7-2018-q2-update/bin/../lib/gcc/arm-none-eabi/7.3.1/../../../../arm-none-eabi/lib/thumb/v7e-m/fpv4-sp/hard/libc_nano.a(lib_a-makebuf.o)
 .debug_frame   0x0000000000002b38       0x30 /opt/gcc-arm-none-eabi-7-2018-q2-update/bin/../lib/gcc/arm-none-eabi/7.3.1/../../../../arm-none-eabi/lib/thumb/v7e-m/fpv4-sp/hard/libc_nano.a(lib_a-malloc.o)
 .debug_frame   0x0000000000002b68       0x38 /opt/gcc-arm-none-eabi-7-2018-q2-update/bin/../lib/gcc/arm-none-eabi/7.3.1/../../../../arm-none-eabi/lib/thumb/v7e-m/fpv4-sp/hard/libc_nano.a(lib_a-nano-freer.o)
 .debug_frame   0x0000000000002ba0       0x2c /opt/gcc-arm-none-eabi-7-2018-q2-update/bin/../lib/gcc/arm-none-eabi/7.3.1/../../../../arm-none-eabi/lib/thumb/v7e-m/fpv4-sp/hard/libc_nano.a(lib_a-nano-mallocr.o)
 .debug_frame   0x0000000000002bcc       0x90 /opt/gcc-arm-none-eabi-7-2018-q2-update/bin/../lib/gcc/arm-none-eabi/7.3.1/../../../../arm-none-eabi/lib/thumb/v7e-m/fpv4-sp/hard/libc_nano.a(lib_a-nano-svfprintf.o)
 .debug_frame   0x0000000000002c5c       0xac /opt/gcc-arm-none-eabi-7-2018-q2-update/bin/../lib/gcc/arm-none-eabi/7.3.1/../../../../arm-none-eabi/lib/thumb/v7e-m/fpv4-sp/hard/libc_nano.a(lib_a-nano-vfprintf.o)
 .debug_frame   0x0000000000002d08       0x60 /opt/gcc-arm-none-eabi-7-2018-q2-update/bin/../lib/gcc/arm-none-eabi/7.3.1/../../../../arm-none-eabi/lib/thumb/v7e-m/fpv4-sp/hard/libc_nano.a(lib_a-nano-vfprintf_i.o)
 .debug_frame   0x0000000000002d68       0x2c /opt/gcc-arm-none-eabi-7-2018-q2-update/bin/../lib/gcc/arm-none-eabi/7.3.1/../../../../arm-none-eabi/lib/thumb/v7e-m/fpv4-sp/hard/libc_nano.a(lib_a-sbrkr.o)
 .debug_frame   0x0000000000002d94       0x88 /opt/gcc-arm-none-eabi-7-2018-q2-update/bin/../lib/gcc/arm-none-eabi/7.3.1/../../../../arm-none-eabi/lib/thumb/v7e-m/fpv4-sp/hard/libc_nano.a(lib_a-stdio.o)
 .debug_frame   0x0000000000002e1c       0x2c /opt/gcc-arm-none-eabi-7-2018-q2-update/bin/../lib/gcc/arm-none-eabi/7.3.1/../../../../arm-none-eabi/lib/thumb/v7e-m/fpv4-sp/hard/libc_nano.a(lib_a-writer.o)
 .debug_frame   0x0000000000002e48       0x2c /opt/gcc-arm-none-eabi-7-2018-q2-update/bin/../lib/gcc/arm-none-eabi/7.3.1/../../../../arm-none-eabi/lib/thumb/v7e-m/fpv4-sp/hard/libc_nano.a(lib_a-closer.o)
 .debug_frame   0x0000000000002e74       0x2c /opt/gcc-arm-none-eabi-7-2018-q2-update/bin/../lib/gcc/arm-none-eabi/7.3.1/../../../../arm-none-eabi/lib/thumb/v7e-m/fpv4-sp/hard/libc_nano.a(lib_a-fstatr.o)
 .debug_frame   0x0000000000002ea0       0x2c /opt/gcc-arm-none-eabi-7-2018-q2-update/bin/../lib/gcc/arm-none-eabi/7.3.1/../../../../arm-none-eabi/lib/thumb/v7e-m/fpv4-sp/hard/libc_nano.a(lib_a-isattyr.o)
 .debug_frame   0x0000000000002ecc       0x2c /opt/gcc-arm-none-eabi-7-2018-q2-update/bin/../lib/gcc/arm-none-eabi/7.3.1/../../../../arm-none-eabi/lib/thumb/v7e-m/fpv4-sp/hard/libc_nano.a(lib_a-lseekr.o)
 .debug_frame   0x0000000000002ef8       0x28 /opt/gcc-arm-none-eabi-7-2018-q2-update/bin/../lib/gcc/arm-none-eabi/7.3.1/../../../../arm-none-eabi/lib/thumb/v7e-m/fpv4-sp/hard/libc_nano.a(lib_a-memmove.o)
 .debug_frame   0x0000000000002f20       0x30 /opt/gcc-arm-none-eabi-7-2018-q2-update/bin/../lib/gcc/arm-none-eabi/7.3.1/../../../../arm-none-eabi/lib/thumb/v7e-m/fpv4-sp/hard/libc_nano.a(lib_a-mlock.o)
 .debug_frame   0x0000000000002f50       0x3c /opt/gcc-arm-none-eabi-7-2018-q2-update/bin/../lib/gcc/arm-none-eabi/7.3.1/../../../../arm-none-eabi/lib/thumb/v7e-m/fpv4-sp/hard/libc_nano.a(lib_a-nano-reallocr.o)
 .debug_frame   0x0000000000002f8c       0x2c /opt/gcc-arm-none-eabi-7-2018-q2-update/bin/../lib/gcc/arm-none-eabi/7.3.1/../../../../arm-none-eabi/lib/thumb/v7e-m/fpv4-sp/hard/libc_nano.a(lib_a-readr.o)
 .debug_frame   0x0000000000002fb8       0x5c /opt/gcc-arm-none-eabi-7-2018-q2-update/bin/../lib/gcc/arm-none-eabi/7.3.1/../../../../arm-none-eabi/lib/thumb/v7e-m/fpv4-sp/hard/libc_nano.a(lib_a-reent.o)
 .debug_frame   0x0000000000003014       0x20 /opt/gcc-arm-none-eabi-7-2018-q2-update/bin/../lib/gcc/arm-none-eabi/7.3.1/../../../../arm-none-eabi/lib/thumb/v7e-m/fpv4-sp/hard/libc_nano.a(lib_a-nano-msizer.o)
 .debug_frame   0x0000000000003034       0x20 /opt/gcc-arm-none-eabi-7-2018-q2-update/bin/../lib/gcc/arm-none-eabi/7.3.1/../../../../arm-none-eabi/lib/thumb/v7e-m/fpv4-sp/hard/libnosys.a(close.o)
 .debug_frame   0x0000000000003054       0x20 /opt/gcc-arm-none-eabi-7-2018-q2-update/bin/../lib/gcc/arm-none-eabi/7.3.1/../../../../arm-none-eabi/lib/thumb/v7e-m/fpv4-sp/hard/libnosys.a(fstat.o)
 .debug_frame   0x0000000000003074       0x20 /opt/gcc-arm-none-eabi-7-2018-q2-update/bin/../lib/gcc/arm-none-eabi/7.3.1/../../../../arm-none-eabi/lib/thumb/v7e-m/fpv4-sp/hard/libnosys.a(isatty.o)
 .debug_frame   0x0000000000003094       0x20 /opt/gcc-arm-none-eabi-7-2018-q2-update/bin/../lib/gcc/arm-none-eabi/7.3.1/../../../../arm-none-eabi/lib/thumb/v7e-m/fpv4-sp/hard/libnosys.a(lseek.o)
 .debug_frame   0x00000000000030b4       0x20 /opt/gcc-arm-none-eabi-7-2018-q2-update/bin/../lib/gcc/arm-none-eabi/7.3.1/../../../../arm-none-eabi/lib/thumb/v7e-m/fpv4-sp/hard/libnosys.a(read.o)
 .debug_frame   0x00000000000030d4       0x20 /opt/gcc-arm-none-eabi-7-2018-q2-update/bin/../lib/gcc/arm-none-eabi/7.3.1/../../../../arm-none-eabi/lib/thumb/v7e-m/fpv4-sp/hard/libnosys.a(sbrk.o)
 .debug_frame   0x00000000000030f4       0x20 /opt/gcc-arm-none-eabi-7-2018-q2-update/bin/../lib/gcc/arm-none-eabi/7.3.1/../../../../arm-none-eabi/lib/thumb/v7e-m/fpv4-sp/hard/libnosys.a(write.o)
 .debug_frame   0x0000000000003114       0x2c /opt/gcc-arm-none-eabi-7-2018-q2-update/bin/../lib/gcc/arm-none-eabi/7.3.1/thumb/v7e-m/fpv4-sp/hard/libgcc.a(_aeabi_uldivmod.o)
 .debug_frame   0x0000000000003140       0x34 /opt/gcc-arm-none-eabi-7-2018-q2-update/bin/../lib/gcc/arm-none-eabi/7.3.1/thumb/v7e-m/fpv4-sp/hard/libgcc.a(_udivmoddi4.o)

.stab           0x0000000000000000       0x9c
 .stab          0x0000000000000000       0x24 /opt/gcc-arm-none-eabi-7-2018-q2-update/bin/../lib/gcc/arm-none-eabi/7.3.1/../../../../arm-none-eabi/lib/thumb/v7e-m/fpv4-sp/hard/libnosys.a(close.o)
 .stab          0x0000000000000024       0x18 /opt/gcc-arm-none-eabi-7-2018-q2-update/bin/../lib/gcc/arm-none-eabi/7.3.1/../../../../arm-none-eabi/lib/thumb/v7e-m/fpv4-sp/hard/libnosys.a(fstat.o)
                                         0x24 (size before relaxing)
 .stab          0x000000000000003c       0x18 /opt/gcc-arm-none-eabi-7-2018-q2-update/bin/../lib/gcc/arm-none-eabi/7.3.1/../../../../arm-none-eabi/lib/thumb/v7e-m/fpv4-sp/hard/libnosys.a(isatty.o)
                                         0x24 (size before relaxing)
 .stab          0x0000000000000054       0x18 /opt/gcc-arm-none-eabi-7-2018-q2-update/bin/../lib/gcc/arm-none-eabi/7.3.1/../../../../arm-none-eabi/lib/thumb/v7e-m/fpv4-sp/hard/libnosys.a(lseek.o)
                                         0x24 (size before relaxing)
 .stab          0x000000000000006c       0x18 /opt/gcc-arm-none-eabi-7-2018-q2-update/bin/../lib/gcc/arm-none-eabi/7.3.1/../../../../arm-none-eabi/lib/thumb/v7e-m/fpv4-sp/hard/libnosys.a(read.o)
                                         0x24 (size before relaxing)
 .stab          0x0000000000000084       0x18 /opt/gcc-arm-none-eabi-7-2018-q2-update/bin/../lib/gcc/arm-none-eabi/7.3.1/../../../../arm-none-eabi/lib/thumb/v7e-m/fpv4-sp/hard/libnosys.a(write.o)
                                         0x24 (size before relaxing)

.stabstr        0x0000000000000000      0x14d
 .stabstr       0x0000000000000000      0x14d /opt/gcc-arm-none-eabi-7-2018-q2-update/bin/../lib/gcc/arm-none-eabi/7.3.1/../../../../arm-none-eabi/lib/thumb/v7e-m/fpv4-sp/hard/libnosys.a(close.o)

Cross Reference Table

Symbol                                            File
ADC1_2_IRQHandler                                 build/startup_stm32l475xx.o
ADC3_IRQHandler                                   build/startup_stm32l475xx.o
AHBPrescTable                                     build/system_stm32l4xx.o
                                                  build/stm32l4xx_hal_rcc.o
APBPrescTable                                     build/system_stm32l4xx.o
                                                  build/stm32l4xx_hal_rcc.o
BSP_COM_DeInit                                    build/stm32l475e_iot01.o
BSP_COM_Init                                      build/stm32l475e_iot01.o
                                                  build/main.o
BSP_GetVersion                                    build/stm32l475e_iot01.o
BSP_LED_DeInit                                    build/stm32l475e_iot01.o
BSP_LED_Init                                      build/stm32l475e_iot01.o
                                                  build/main.o
BSP_LED_Off                                       build/stm32l475e_iot01.o
BSP_LED_On                                        build/stm32l475e_iot01.o
                                                  build/main.o
BSP_LED_Toggle                                    build/stm32l475e_iot01.o
BSP_PB_DeInit                                     build/stm32l475e_iot01.o
BSP_PB_GetState                                   build/stm32l475e_iot01.o
BSP_PB_Init                                       build/stm32l475e_iot01.o
BUTTON_IRQn                                       build/stm32l475e_iot01.o
BUTTON_PIN                                        build/stm32l475e_iot01.o
BUTTON_PORT                                       build/stm32l475e_iot01.o
BusFault_Handler                                  build/stm32l4xx_it.o
CAN1_RX0_IRQHandler                               build/startup_stm32l475xx.o
CAN1_RX1_IRQHandler                               build/startup_stm32l475xx.o
CAN1_SCE_IRQHandler                               build/startup_stm32l475xx.o
CAN1_TX_IRQHandler                                build/startup_stm32l475xx.o
COMP_IRQHandler                                   build/startup_stm32l475xx.o
COM_RX_AF                                         build/stm32l475e_iot01.o
COM_RX_PIN                                        build/stm32l475e_iot01.o
COM_RX_PORT                                       build/stm32l475e_iot01.o
COM_TX_AF                                         build/stm32l475e_iot01.o
COM_TX_PIN                                        build/stm32l475e_iot01.o
COM_TX_PORT                                       build/stm32l475e_iot01.o
COM_USART                                         build/stm32l475e_iot01.o
DFSDM1_FLT0_IRQHandler                            build/startup_stm32l475xx.o
DFSDM1_FLT1_IRQHandler                            build/startup_stm32l475xx.o
DFSDM1_FLT2_IRQHandler                            build/startup_stm32l475xx.o
DFSDM1_FLT3_IRQHandler                            build/startup_stm32l475xx.o
DMA1_Channel1_IRQHandler                          build/startup_stm32l475xx.o
DMA1_Channel2_IRQHandler                          build/startup_stm32l475xx.o
DMA1_Channel3_IRQHandler                          build/startup_stm32l475xx.o
DMA1_Channel4_IRQHandler                          build/startup_stm32l475xx.o
DMA1_Channel5_IRQHandler                          build/startup_stm32l475xx.o
DMA1_Channel6_IRQHandler                          build/startup_stm32l475xx.o
DMA1_Channel7_IRQHandler                          build/startup_stm32l475xx.o
DMA2_Channel1_IRQHandler                          build/startup_stm32l475xx.o
DMA2_Channel2_IRQHandler                          build/startup_stm32l475xx.o
DMA2_Channel3_IRQHandler                          build/startup_stm32l475xx.o
DMA2_Channel4_IRQHandler                          build/startup_stm32l475xx.o
DMA2_Channel5_IRQHandler                          build/startup_stm32l475xx.o
DMA2_Channel6_IRQHandler                          build/startup_stm32l475xx.o
DMA2_Channel7_IRQHandler                          build/startup_stm32l475xx.o
DebugMon_Handler                                  build/stm32l4xx_it.o
Default_Handler                                   build/startup_stm32l475xx.o
ES_WIFI_ActivateAP                                build/es_wifi.o
                                                  build/wifi.o
ES_WIFI_Connect                                   build/es_wifi.o
                                                  build/wifi.o
ES_WIFI_DNS_LookUp                                build/es_wifi.o
                                                  build/wifi.o
ES_WIFI_Disconnect                                build/es_wifi.o
                                                  build/wifi.o
ES_WIFI_GetAPIRev                                 build/es_wifi.o
ES_WIFI_GetFWRevID                                build/es_wifi.o
ES_WIFI_GetIPAddress                              build/es_wifi.o
ES_WIFI_GetMACAddress                             build/es_wifi.o
                                                  build/wifi.o
ES_WIFI_GetNetworkSettings                        build/es_wifi.o
                                                  build/wifi.o
ES_WIFI_GetProductID                              build/es_wifi.o